Archive member included to satisfy reference by file (symbol)

C:/ST/STM32CubeCLT_1.18.0/GNU-tools-for-STM32/bin/../lib/gcc/arm-none-eabi/14.3.1/../../../../arm-none-eabi/lib/thumb/v7-m/nofp\libstdc++_nano.a(atexit_arm.o)
                              CMakeFiles/TEST_F103RC.dir/App/Src/application.cpp.obj (__aeabi_atexit)
C:/ST/STM32CubeCLT_1.18.0/GNU-tools-for-STM32/bin/../lib/gcc/arm-none-eabi/14.3.1/../../../../arm-none-eabi/lib/thumb/v7-m/nofp\libc_nano.a(libc_a-atoi.o)
                              CMakeFiles/TEST_F103RC.dir/App/Src/application_pwm.cpp.obj (atoi)
C:/ST/STM32CubeCLT_1.18.0/GNU-tools-for-STM32/bin/../lib/gcc/arm-none-eabi/14.3.1/../../../../arm-none-eabi/lib/thumb/v7-m/nofp\libc_nano.a(libc_a-exit.o)
                              C:/ST/STM32CubeCLT_1.18.0/GNU-tools-for-STM32/bin/../lib/gcc/arm-none-eabi/14.3.1/../../../../arm-none-eabi/lib/thumb/v7-m/nofp/crt0.o (exit)
C:/ST/STM32CubeCLT_1.18.0/GNU-tools-for-STM32/bin/../lib/gcc/arm-none-eabi/14.3.1/../../../../arm-none-eabi/lib/thumb/v7-m/nofp\libc_nano.a(libc_a-strtol.o)
                              C:/ST/STM32CubeCLT_1.18.0/GNU-tools-for-STM32/bin/../lib/gcc/arm-none-eabi/14.3.1/../../../../arm-none-eabi/lib/thumb/v7-m/nofp\libc_nano.a(libc_a-atoi.o) (_strtol_r)
C:/ST/STM32CubeCLT_1.18.0/GNU-tools-for-STM32/bin/../lib/gcc/arm-none-eabi/14.3.1/../../../../arm-none-eabi/lib/thumb/v7-m/nofp\libc_nano.a(libc_a-cxa_atexit.o)
                              C:/ST/STM32CubeCLT_1.18.0/GNU-tools-for-STM32/bin/../lib/gcc/arm-none-eabi/14.3.1/../../../../arm-none-eabi/lib/thumb/v7-m/nofp\libstdc++_nano.a(atexit_arm.o) (__cxa_atexit)
C:/ST/STM32CubeCLT_1.18.0/GNU-tools-for-STM32/bin/../lib/gcc/arm-none-eabi/14.3.1/../../../../arm-none-eabi/lib/thumb/v7-m/nofp\libc_nano.a(libc_a-ctype_.o)
                              C:/ST/STM32CubeCLT_1.18.0/GNU-tools-for-STM32/bin/../lib/gcc/arm-none-eabi/14.3.1/../../../../arm-none-eabi/lib/thumb/v7-m/nofp\libc_nano.a(libc_a-strtol.o) (_ctype_)
C:/ST/STM32CubeCLT_1.18.0/GNU-tools-for-STM32/bin/../lib/gcc/arm-none-eabi/14.3.1/../../../../arm-none-eabi/lib/thumb/v7-m/nofp\libc_nano.a(libc_a-toupper.o)
                              CMakeFiles/TEST_F103RC.dir/App/Src/application.cpp.obj (toupper)
C:/ST/STM32CubeCLT_1.18.0/GNU-tools-for-STM32/bin/../lib/gcc/arm-none-eabi/14.3.1/../../../../arm-none-eabi/lib/thumb/v7-m/nofp\libc_nano.a(libc_a-findfp.o)
                              C:/ST/STM32CubeCLT_1.18.0/GNU-tools-for-STM32/bin/../lib/gcc/arm-none-eabi/14.3.1/../../../../arm-none-eabi/lib/thumb/v7-m/nofp\libc_nano.a(libc_a-exit.o) (__stdio_exit_handler)
C:/ST/STM32CubeCLT_1.18.0/GNU-tools-for-STM32/bin/../lib/gcc/arm-none-eabi/14.3.1/../../../../arm-none-eabi/lib/thumb/v7-m/nofp\libc_nano.a(libc_a-fwalk.o)
                              C:/ST/STM32CubeCLT_1.18.0/GNU-tools-for-STM32/bin/../lib/gcc/arm-none-eabi/14.3.1/../../../../arm-none-eabi/lib/thumb/v7-m/nofp\libc_nano.a(libc_a-findfp.o) (_fwalk_sglue)
C:/ST/STM32CubeCLT_1.18.0/GNU-tools-for-STM32/bin/../lib/gcc/arm-none-eabi/14.3.1/../../../../arm-none-eabi/lib/thumb/v7-m/nofp\libc_nano.a(libc_a-stdio.o)
                              C:/ST/STM32CubeCLT_1.18.0/GNU-tools-for-STM32/bin/../lib/gcc/arm-none-eabi/14.3.1/../../../../arm-none-eabi/lib/thumb/v7-m/nofp\libc_nano.a(libc_a-findfp.o) (__sread)
C:/ST/STM32CubeCLT_1.18.0/GNU-tools-for-STM32/bin/../lib/gcc/arm-none-eabi/14.3.1/../../../../arm-none-eabi/lib/thumb/v7-m/nofp\libc_nano.a(libc_a-vsprintf.o)
                              CMakeFiles/TEST_F103RC.dir/swoTrace/swoTrace.c.obj (vsprintf)
C:/ST/STM32CubeCLT_1.18.0/GNU-tools-for-STM32/bin/../lib/gcc/arm-none-eabi/14.3.1/../../../../arm-none-eabi/lib/thumb/v7-m/nofp\libc_nano.a(libc_a-memmove.o)
                              CMakeFiles/TEST_F103RC.dir/App/Src/application.cpp.obj (memmove)
C:/ST/STM32CubeCLT_1.18.0/GNU-tools-for-STM32/bin/../lib/gcc/arm-none-eabi/14.3.1/../../../../arm-none-eabi/lib/thumb/v7-m/nofp\libc_nano.a(libc_a-memset.o)
                              C:/ST/STM32CubeCLT_1.18.0/GNU-tools-for-STM32/bin/../lib/gcc/arm-none-eabi/14.3.1/../../../../arm-none-eabi/lib/thumb/v7-m/nofp/crt0.o (memset)
C:/ST/STM32CubeCLT_1.18.0/GNU-tools-for-STM32/bin/../lib/gcc/arm-none-eabi/14.3.1/../../../../arm-none-eabi/lib/thumb/v7-m/nofp\libc_nano.a(libc_a-closer.o)
                              C:/ST/STM32CubeCLT_1.18.0/GNU-tools-for-STM32/bin/../lib/gcc/arm-none-eabi/14.3.1/../../../../arm-none-eabi/lib/thumb/v7-m/nofp\libc_nano.a(libc_a-stdio.o) (_close_r)
C:/ST/STM32CubeCLT_1.18.0/GNU-tools-for-STM32/bin/../lib/gcc/arm-none-eabi/14.3.1/../../../../arm-none-eabi/lib/thumb/v7-m/nofp\libc_nano.a(libc_a-reent.o)
                              C:/ST/STM32CubeCLT_1.18.0/GNU-tools-for-STM32/bin/../lib/gcc/arm-none-eabi/14.3.1/../../../../arm-none-eabi/lib/thumb/v7-m/nofp\libc_nano.a(libc_a-closer.o) (errno)
[...]
Memory Configuration

Name             Origin             Length             Attributes
RAM              0x20000000         0x0000c000         xrw
FLASH            0x08000000         0x00040000         xr
*default*        0x00000000         0xffffffff

Linker script and memory map

LOAD C:/ST/STM32CubeCLT_1.18.0/GNU-tools-for-STM32/bin/../lib/gcc/arm-none-eabi/14.3.1/thumb/v7-m/nofp/crti.o
LOAD C:/ST/STM32CubeCLT_1.18.0/GNU-tools-for-STM32/bin/../lib/gcc/arm-none-eabi/14.3.1/thumb/v7-m/nofp/crtbegin.o
LOAD C:/ST/STM32CubeCLT_1.18.0/GNU-tools-for-STM32/bin/../lib/gcc/arm-none-eabi/14.3.1/../../../../arm-none-eabi/lib/thumb/v7-m/nofp/crt0.o
START GROUP
END GROUP
START GROUP
LOAD C:/ST/STM32CubeCLT_1.18.0/GNU-tools-for-STM32/bin/../lib/gcc/arm-none-eabi/14.3.1/../../../../arm-none-eabi/lib/thumb/v7-m/nofp\libstdc++_nano.a
LOAD C:/ST/STM32CubeCLT_1.18.0/GNU-tools-for-STM32/bin/../lib/gcc/arm-none-eabi/14.3.1/../../../../arm-none-eabi/lib/thumb/v7-m/nofp\libsupc++_nano.a
END GROUP
LOAD cmake/stm32cubemx/CMakeFiles/STM32_Drivers.dir/__/__/Core/Src/system_stm32f1xx.c.obj
LOAD cmake/stm32cubemx/CMakeFiles/STM32_Drivers.dir/__/__/Drivers/STM32F1xx_HAL_Driver/Src/stm32f1xx_hal_gpio_ex.c.obj
LOAD cmake/stm32cubemx/CMakeFiles/STM32_Drivers.dir/__/__/Drivers/STM32F1xx_HAL_Driver/Src/stm32f1xx_hal_uart.c.obj
LOAD cmake/stm32cubemx/CMakeFiles/STM32_Drivers.dir/__/__/Drivers/STM32F1xx_HAL_Driver/Src/stm32f1xx_hal.c.obj
LOAD cmake/stm32cubemx/CMakeFiles/STM32_Drivers.dir/__/__/Drivers/STM32F1xx_HAL_Driver/Src/stm32f1xx_hal_rcc.c.obj
LOAD cmake/stm32cubemx/CMakeFiles/STM32_Drivers.dir/__/__/Drivers/STM32F1xx_HAL_Driver/Src/stm32f1xx_hal_rcc_ex.c.obj
LOAD cmake/stm32cubemx/CMakeFiles/STM32_Drivers.dir/__/__/Drivers/STM32F1xx_HAL_Driver/Src/stm32f1xx_hal_gpio.c.obj
LOAD cmake/stm32cubemx/CMakeFiles/STM32_Drivers.dir/__/__/Drivers/STM32F1xx_HAL_Driver/Src/stm32f1xx_hal_dma.c.obj
LOAD cmake/stm32cubemx/CMakeFiles/STM32_Drivers.dir/__/__/Drivers/STM32F1xx_HAL_Driver/Src/stm32f1xx_hal_cortex.c.obj
LOAD cmake/stm32cubemx/CMakeFiles/STM32_Drivers.dir/__/__/Drivers/STM32F1xx_HAL_Driver/Src/stm32f1xx_hal_pwr.c.obj
LOAD cmake/stm32cubemx/CMakeFiles/STM32_Drivers.dir/__/__/Drivers/STM32F1xx_HAL_Driver/Src/stm32f1xx_hal_flash.c.obj
LOAD cmake/stm32cubemx/CMakeFiles/STM32_Drivers.dir/__/__/Drivers/STM32F1xx_HAL_Driver/Src/stm32f1xx_hal_flash_ex.c.obj
LOAD cmake/stm32cubemx/CMakeFiles/STM32_Drivers.dir/__/__/Drivers/STM32F1xx_HAL_Driver/Src/stm32f1xx_hal_exti.c.obj
LOAD cmake/stm32cubemx/CMakeFiles/STM32_Drivers.dir/__/__/Drivers/STM32F1xx_HAL_Driver/Src/stm32f1xx_hal_pcd.c.obj
LOAD cmake/stm32cubemx/CMakeFiles/STM32_Drivers.dir/__/__/Drivers/STM32F1xx_HAL_Driver/Src/stm32f1xx_hal_pcd_ex.c.obj
LOAD cmake/stm32cubemx/CMakeFiles/STM32_Drivers.dir/__/__/Drivers/STM32F1xx_HAL_Driver/Src/stm32f1xx_ll_usb.c.obj
LOAD cmake/stm32cubemx/CMakeFiles/STM32_Drivers.dir/__/__/Drivers/STM32F1xx_HAL_Driver/Src/stm32f1xx_hal_tim.c.obj
LOAD cmake/stm32cubemx/CMakeFiles/STM32_Drivers.dir/__/__/Drivers/STM32F1xx_HAL_Driver/Src/stm32f1xx_hal_tim_ex.c.obj
LOAD cmake/stm32cubemx/CMakeFiles/USB_Device_Library.dir/__/__/Middlewares/ST/STM32_USB_Device_Library/Core/Src/usbd_core.c.obj
LOAD cmake/stm32cubemx/CMakeFiles/USB_Device_Library.dir/__/__/Middlewares/ST/STM32_USB_Device_Library/Core/Src/usbd_ctlreq.c.obj
LOAD cmake/stm32cubemx/CMakeFiles/USB_Device_Library.dir/__/__/Middlewares/ST/STM32_USB_Device_Library/Core/Src/usbd_ioreq.c.obj
LOAD cmake/stm32cubemx/CMakeFiles/USB_Device_Library.dir/__/__/Middlewares/ST/STM32_USB_Device_Library/Class/CDC/Src/usbd_cdc.c.obj
LOAD CMakeFiles/TEST_F103RC.dir/Core/Src/main.cpp.obj
LOAD CMakeFiles/TEST_F103RC.dir/Core/Src/stm32f1xx_it.c.obj
LOAD CMakeFiles/TEST_F103RC.dir/Core/Src/stm32f1xx_hal_msp.c.obj
LOAD CMakeFiles/TEST_F103RC.dir/Core/Src/sysmem.c.obj
LOAD CMakeFiles/TEST_F103RC.dir/Core/Src/syscalls.c.obj
LOAD CMakeFiles/TEST_F103RC.dir/startup_stm32f103xe.s.obj
LOAD CMakeFiles/TEST_F103RC.dir/Core/Src/usbd_cdc_interface.c.obj
LOAD CMakeFiles/TEST_F103RC.dir/Core/Src/usbd_conf.c.obj
LOAD CMakeFiles/TEST_F103RC.dir/Core/Src/usbd_desc.c.obj
LOAD CMakeFiles/TEST_F103RC.dir/App/Src/application.cpp.obj
LOAD CMakeFiles/TEST_F103RC.dir/App/Src/application_callbacks.cpp.obj
LOAD CMakeFiles/TEST_F103RC.dir/App/Src/application_pwm.cpp.obj
LOAD CMakeFiles/TEST_F103RC.dir/App/Src/application_measure.cpp.obj
LOAD CMakeFiles/TEST_F103RC.dir/App/Src/application_transmit.cpp.obj
LOAD CMakeFiles/TEST_F103RC.dir/App/Src/pins.cpp.obj
LOAD CMakeFiles/TEST_F103RC.dir/App/Src/tables.cpp.obj
LOAD CMakeFiles/TEST_F103RC.dir/App/Src/tim.cpp.obj
LOAD CMakeFiles/TEST_F103RC.dir/swoTrace/swoTrace.c.obj
LOAD CMakeFiles/TEST_F103RC.dir/dwt/dwt.cpp.obj
LOAD C:/ST/STM32CubeCLT_1.18.0/GNU-tools-for-STM32/bin/../lib/gcc/arm-none-eabi/14.3.1/../../../../arm-none-eabi/lib/thumb/v7-m/nofp\libstdc++_nano.a
LOAD C:/ST/STM32CubeCLT_1.18.0/GNU-tools-for-STM32/bin/../lib/gcc/arm-none-eabi/14.3.1/../../../../arm-none-eabi/lib/thumb/v7-m/nofp\libm.a
LOAD C:/ST/STM32CubeCLT_1.18.0/GNU-tools-for-STM32/bin/../lib/gcc/arm-none-eabi/14.3.1/../../../../arm-none-eabi/lib/thumb/v7-m/nofp\libc_nano.a
START GROUP
LOAD C:/ST/STM32CubeCLT_1.18.0/GNU-tools-for-STM32/bin/../lib/gcc/arm-none-eabi/14.3.1/thumb/v7-m/nofp\libgcc.a
LOAD C:/ST/STM32CubeCLT_1.18.0/GNU-tools-for-STM32/bin/../lib/gcc/arm-none-eabi/14.3.1/../../../../arm-none-eabi/lib/thumb/v7-m/nofp\libg_nano.a
LOAD C:/ST/STM32CubeCLT_1.18.0/GNU-tools-for-STM32/bin/../lib/gcc/arm-none-eabi/14.3.1/../../../../arm-none-eabi/lib/thumb/v7-m/nofp\libc_nano.a
END GROUP
START GROUP
LOAD C:/ST/STM32CubeCLT_1.18.0/GNU-tools-for-STM32/bin/../lib/gcc/arm-none-eabi/14.3.1/thumb/v7-m/nofp\libgcc.a
LOAD C:/ST/STM32CubeCLT_1.18.0/GNU-tools-for-STM32/bin/../lib/gcc/arm-none-eabi/14.3.1/../../../../arm-none-eabi/lib/thumb/v7-m/nofp\libc_nano.a
END GROUP
LOAD C:/ST/STM32CubeCLT_1.18.0/GNU-tools-for-STM32/bin/../lib/gcc/arm-none-eabi/14.3.1/thumb/v7-m/nofp/crtend.o
LOAD C:/ST/STM32CubeCLT_1.18.0/GNU-tools-for-STM32/bin/../lib/gcc/arm-none-eabi/14.3.1/thumb/v7-m/nofp/crtn.o
                0x2000c000                        _estack = (ORIGIN (RAM) + LENGTH (RAM))
                0x00000200                        _Min_Heap_Size = 0x200
                0x00000400                        _Min_Stack_Size = 0x400

.isr_vector     0x08000000      0x1e4
                0x08000000                        . = ALIGN (0x4)
 *(.isr_vector)
 .isr_vector    0x08000000      0x1e4 CMakeFiles/TEST_F103RC.dir/startup_stm32f103xe.s.obj
                0x08000000                g_pfnVectors
                0x080001e4                        . = ALIGN (0x4)

.text           0x080001e8     0xae7c
                0x080001e8                        . = ALIGN (0x4)
 *(.text)
 .text          0x080001e8       0x10 C:/ST/STM32CubeCLT_1.18.0/GNU-tools-for-STM32/bin/../lib/gcc/arm-none-eabi/14.3.1/../../../../arm-none-eabi/lib/thumb/v7-m/nofp\libc_nano.a(libc_a-strlen.o)
                0x080001e8                strlen
 .text          0x080001f8      0x378 C:/ST/STM32CubeCLT_1.18.0/GNU-tools-for-STM32/bin/../lib/gcc/arm-none-eabi/14.3.1/thumb/v7-m/nofp\libgcc.a(_arm_addsubdf3.o)
                0x080001f8                __aeabi_drsub
                0x08000200                __aeabi_dsub
                0x08000200                __subdf3
                0x08000204                __aeabi_dadd
                0x08000204                __adddf3
                0x0800047c                __floatunsidf
                0x0800047c                __aeabi_ui2d
                0x0800049c                __floatsidf
                0x0800049c                __aeabi_i2d
                0x080004c0                __aeabi_f2d
                0x080004c0                __extendsfdf2
                0x08000504                __floatundidf
                0x08000504                __aeabi_ul2d
                0x08000514                __floatdidf
                0x08000514                __aeabi_l2d
 .text          0x08000570      0x424 C:/ST/STM32CubeCLT_1.18.0/GNU-tools-for-STM32/bin/../lib/gcc/arm-none-eabi/14.3.1/thumb/v7-m/nofp\libgcc.a(_arm_muldivdf3.o)
                0x08000570                __aeabi_dmul
                0x08000570                __muldf3
                0x080007c4                __divdf3
                0x080007c4                __aeabi_ddiv
 .text          0x08000994      0x110 C:/ST/STM32CubeCLT_1.18.0/GNU-tools-for-STM32/bin/../lib/gcc/arm-none-eabi/14.3.1/thumb/v7-m/nofp\libgcc.a(_arm_cmpdf2.o)
                0x08000994                __gtdf2
                0x08000994                __gedf2
                0x0800099c                __ltdf2
                0x0800099c                __ledf2
                0x080009a4                __nedf2
                0x080009a4                __eqdf2
                0x080009a4                __cmpdf2
                0x08000a20                __aeabi_cdrcmple
                0x08000a30                __aeabi_cdcmpeq
                0x08000a30                __aeabi_cdcmple
                0x08000a40                __aeabi_dcmpeq
                0x08000a54                __aeabi_dcmplt
                0x08000a68                __aeabi_dcmple
                0x08000a7c                __aeabi_dcmpge
                0x08000a90                __aeabi_dcmpgt
 .text          0x08000aa4       0x40 C:/ST/STM32CubeCLT_1.18.0/GNU-tools-for-STM32/bin/../lib/gcc/arm-none-eabi/14.3.1/thumb/v7-m/nofp\libgcc.a(_arm_fixunsdfsi.o)
                0x08000aa4                __aeabi_d2uiz
                0x08000aa4                __fixunsdfsi
 *(.text*)
 .text.deregister_tm_clones
                0x08000ae4       0x1c C:/ST/STM32CubeCLT_1.18.0/GNU-tools-for-STM32/bin/../lib/gcc/arm-none-eabi/14.3.1/thumb/v7-m/nofp/crtbegin.o
 .text.register_tm_clones
                0x08000b00       0x24 C:/ST/STM32CubeCLT_1.18.0/GNU-tools-for-STM32/bin/../lib/gcc/arm-none-eabi/14.3.1/thumb/v7-m/nofp/crtbegin.o
 .text.__do_global_dtors_aux
                0x08000b24       0x28 C:/ST/STM32CubeCLT_1.18.0/GNU-tools-for-STM32/bin/../lib/gcc/arm-none-eabi/14.3.1/thumb/v7-m/nofp/crtbegin.o
 .text.frame_dummy
                0x08000b4c       0x24 C:/ST/STM32CubeCLT_1.18.0/GNU-tools-for-STM32/bin/../lib/gcc/arm-none-eabi/14.3.1/thumb/v7-m/nofp/crtbegin.o
 .text.SystemInit
                0x08000b70        0x2 cmake/stm32cubemx/CMakeFiles/STM32_Drivers.dir/__/__/Core/Src/system_stm32f1xx.c.obj
                0x08000b70                SystemInit
 .text.UART_EndRxTransfer
                0x08000b72       0x5c cmake/stm32cubemx/CMakeFiles/STM32_Drivers.dir/__/__/Drivers/STM32F1xx_HAL_Driver/Src/stm32f1xx_hal_uart.c.obj
 *fill*         0x08000bce        0x2 
 .text.UART_SetConfig
                0x08000bd0       0x74 cmake/stm32cubemx/CMakeFiles/STM32_Drivers.dir/__/__/Drivers/STM32F1xx_HAL_Driver/Src/stm32f1xx_hal_uart.c.obj
 .text.HAL_UART_Init
                0x08000c44       0x5e cmake/stm32cubemx/CMakeFiles/STM32_Drivers.dir/__/__/Drivers/STM32F1xx_HAL_Driver/Src/stm32f1xx_hal_uart.c.obj
                0x08000c44                HAL_UART_Init
 .text.HAL_UART_DeInit
                0x08000ca2       0x34 cmake/stm32cubemx/CMakeFiles/STM32_Drivers.dir/__/__/Drivers/STM32F1xx_HAL_Driver/Src/stm32f1xx_hal_uart.c.obj
                0x08000ca2                HAL_UART_DeInit
 *fill*         0x08000cd6        0x2 
 .text.HAL_UART_Transmit_DMA
                0x08000cd8       0x74 cmake/stm32cubemx/CMakeFiles/STM32_Drivers.dir/__/__/Drivers/STM32F1xx_HAL_Driver/Src/stm32f1xx_hal_uart.c.obj
                0x08000cd8                HAL_UART_Transmit_DMA
 .text.UART_DMATransmitCplt
                0x08000d4c       0x4c cmake/stm32cubemx/CMakeFiles/STM32_Drivers.dir/__/__/Drivers/STM32F1xx_HAL_Driver/Src/stm32f1xx_hal_uart.c.obj
 .text.HAL_UART_TxHalfCpltCallback
                0x08000d98        0x2 cmake/stm32cubemx/CMakeFiles/STM32_Drivers.dir/__/__/Drivers/STM32F1xx_HAL_Driver/Src/stm32f1xx_hal_uart.c.obj
                0x08000d98                HAL_UART_TxHalfCpltCallback
 .text.UART_DMATxHalfCplt
                0x08000d9a        0xa cmake/stm32cubemx/CMakeFiles/STM32_Drivers.dir/__/__/Drivers/STM32F1xx_HAL_Driver/Src/stm32f1xx_hal_uart.c.obj
 .text.UART_DMAError
                0x08000da4       0x5a cmake/stm32cubemx/CMakeFiles/STM32_Drivers.dir/__/__/Drivers/STM32F1xx_HAL_Driver/Src/stm32f1xx_hal_uart.c.obj
 .text.UART_DMAAbortOnError
                0x08000dfe       0x10 cmake/stm32cubemx/CMakeFiles/STM32_Drivers.dir/__/__/Drivers/STM32F1xx_HAL_Driver/Src/stm32f1xx_hal_uart.c.obj
 .text.HAL_UARTEx_RxEventCallback
                0x08000e0e        0x2 cmake/stm32cubemx/CMakeFiles/STM32_Drivers.dir/__/__/Drivers/STM32F1xx_HAL_Driver/Src/stm32f1xx_hal_uart.c.obj
                0x08000e0e                HAL_UARTEx_RxEventCallback
 .text.UART_Receive_IT.isra.0
                0x08000e10       0xb6 cmake/stm32cubemx/CMakeFiles/STM32_Drivers.dir/__/__/Drivers/STM32F1xx_HAL_Driver/Src/stm32f1xx_hal_uart.c.obj
 *fill*         0x08000ec6        0x2 
 .text.HAL_UART_IRQHandler
                0x08000ec8      0x294 cmake/stm32cubemx/CMakeFiles/STM32_Drivers.dir/__/__/Drivers/STM32F1xx_HAL_Driver/Src/stm32f1xx_hal_uart.c.obj
                0x08000ec8                HAL_UART_IRQHandler
 .text.UART_Start_Receive_IT
                0x0800115c       0x32 cmake/stm32cubemx/CMakeFiles/STM32_Drivers.dir/__/__/Drivers/STM32F1xx_HAL_Driver/Src/stm32f1xx_hal_uart.c.obj
                0x0800115c                UART_Start_Receive_IT
 .text.HAL_UART_Receive_IT
                0x0800118e       0x22 cmake/stm32cubemx/CMakeFiles/STM32_Drivers.dir/__/__/Drivers/STM32F1xx_HAL_Driver/Src/stm32f1xx_hal_uart.c.obj
                0x0800118e                HAL_UART_Receive_IT
 .text.HAL_MspInit
                0x080011b0        0x2 cmake/stm32cubemx/CMakeFiles/STM32_Drivers.dir/__/__/Drivers/STM32F1xx_HAL_Driver/Src/stm32f1xx_hal.c.obj
                0x080011b0                HAL_MspInit
 *fill*         0x080011b2        0x2 
 .text.HAL_InitTick
                0x080011b4       0x48 cmake/stm32cubemx/CMakeFiles/STM32_Drivers.dir/__/__/Drivers/STM32F1xx_HAL_Driver/Src/stm32f1xx_hal.c.obj
                0x080011b4                HAL_InitTick
 .text.HAL_Init
                0x080011fc       0x24 cmake/stm32cubemx/CMakeFiles/STM32_Drivers.dir/__/__/Drivers/STM32F1xx_HAL_Driver/Src/stm32f1xx_hal.c.obj
                0x080011fc                HAL_Init
 .text.HAL_IncTick
                0x08001220       0x18 cmake/stm32cubemx/CMakeFiles/STM32_Drivers.dir/__/__/Drivers/STM32F1xx_HAL_Driver/Src/stm32f1xx_hal.c.obj
                0x08001220                HAL_IncTick
 .text.HAL_GetTick
                0x08001238        0xc cmake/stm32cubemx/CMakeFiles/STM32_Drivers.dir/__/__/Drivers/STM32F1xx_HAL_Driver/Src/stm32f1xx_hal.c.obj
                0x08001238                HAL_GetTick
 .text.HAL_Delay
                0x08001244       0x24 cmake/stm32cubemx/CMakeFiles/STM32_Drivers.dir/__/__/Drivers/STM32F1xx_HAL_Driver/Src/stm32f1xx_hal.c.obj
                0x08001244                HAL_Delay
 .text.HAL_RCC_OscConfig
                0x08001268      0x338 cmake/stm32cubemx/CMakeFiles/STM32_Drivers.dir/__/__/Drivers/STM32F1xx_HAL_Driver/Src/stm32f1xx_hal_rcc.c.obj
                0x08001268                HAL_RCC_OscConfig
 .text.HAL_RCC_MCOConfig
                0x080015a0       0x4c cmake/stm32cubemx/CMakeFiles/STM32_Drivers.dir/__/__/Drivers/STM32F1xx_HAL_Driver/Src/stm32f1xx_hal_rcc.c.obj
                0x080015a0                HAL_RCC_MCOConfig
 .text.HAL_RCC_GetSysClockFreq
                0x080015ec       0x4c cmake/stm32cubemx/CMakeFiles/STM32_Drivers.dir/__/__/Drivers/STM32F1xx_HAL_Driver/Src/stm32f1xx_hal_rcc.c.obj
                0x080015ec                HAL_RCC_GetSysClockFreq
 .text.HAL_RCC_ClockConfig
                0x08001638      0x138 cmake/stm32cubemx/CMakeFiles/STM32_Drivers.dir/__/__/Drivers/STM32F1xx_HAL_Driver/Src/stm32f1xx_hal_rcc.c.obj
                0x08001638                HAL_RCC_ClockConfig
 .text.HAL_RCC_GetPCLK1Freq
                0x08001770       0x20 cmake/stm32cubemx/CMakeFiles/STM32_Drivers.dir/__/__/Drivers/STM32F1xx_HAL_Driver/Src/stm32f1xx_hal_rcc.c.obj
                0x08001770                HAL_RCC_GetPCLK1Freq
 .text.HAL_RCC_GetPCLK2Freq
                0x08001790       0x20 cmake/stm32cubemx/CMakeFiles/STM32_Drivers.dir/__/__/Drivers/STM32F1xx_HAL_Driver/Src/stm32f1xx_hal_rcc.c.obj
                0x08001790                HAL_RCC_GetPCLK2Freq
 .text.HAL_RCCEx_PeriphCLKConfig
                0x080017b0       0xf4 cmake/stm32cubemx/CMakeFiles/STM32_Drivers.dir/__/__/Drivers/STM32F1xx_HAL_Driver/Src/stm32f1xx_hal_rcc_ex.c.obj
                0x080017b0                HAL_RCCEx_PeriphCLKConfig
 .text.HAL_GPIO_Init
                0x080018a4      0x1c0 cmake/stm32cubemx/CMakeFiles/STM32_Drivers.dir/__/__/Drivers/STM32F1xx_HAL_Driver/Src/stm32f1xx_hal_gpio.c.obj
                0x080018a4                HAL_GPIO_Init
 .text.HAL_GPIO_DeInit
                0x08001a64       0xf4 cmake/stm32cubemx/CMakeFiles/STM32_Drivers.dir/__/__/Drivers/STM32F1xx_HAL_Driver/Src/stm32f1xx_hal_gpio.c.obj
                0x08001a64                HAL_GPIO_DeInit
 .text.HAL_GPIO_WritePin
                0x08001b58        0xa cmake/stm32cubemx/CMakeFiles/STM32_Drivers.dir/__/__/Drivers/STM32F1xx_HAL_Driver/Src/stm32f1xx_hal_gpio.c.obj
                0x08001b58                HAL_GPIO_WritePin
 *fill*         0x08001b62        0x2 
 .text.HAL_GPIO_EXTI_IRQHandler
                0x08001b64       0x18 cmake/stm32cubemx/CMakeFiles/STM32_Drivers.dir/__/__/Drivers/STM32F1xx_HAL_Driver/Src/stm32f1xx_hal_gpio.c.obj
                0x08001b64                HAL_GPIO_EXTI_IRQHandler
 .text.HAL_DMA_Init
                0x08001b7c       0x80 cmake/stm32cubemx/CMakeFiles/STM32_Drivers.dir/__/__/Drivers/STM32F1xx_HAL_Driver/Src/stm32f1xx_hal_dma.c.obj
                0x08001b7c                HAL_DMA_Init
 .text.HAL_DMA_Start_IT
                0x08001bfc       0x78 cmake/stm32cubemx/CMakeFiles/STM32_Drivers.dir/__/__/Drivers/STM32F1xx_HAL_Driver/Src/stm32f1xx_hal_dma.c.obj
                0x08001bfc                HAL_DMA_Start_IT
 .text.HAL_DMA_Abort
                0x08001c74       0x3e cmake/stm32cubemx/CMakeFiles/STM32_Drivers.dir/__/__/Drivers/STM32F1xx_HAL_Driver/Src/stm32f1xx_hal_dma.c.obj
                0x08001c74                HAL_DMA_Abort
 *fill*         0x08001cb2        0x2 
 .text.HAL_DMA_Abort_IT
                0x08001cb4       0xd8 cmake/stm32cubemx/CMakeFiles/STM32_Drivers.dir/__/__/Drivers/STM32F1xx_HAL_Driver/Src/stm32f1xx_hal_dma.c.obj
                0x08001cb4                HAL_DMA_Abort_IT
 .text.HAL_DMA_IRQHandler
                0x08001d8c      0x1b8 cmake/stm32cubemx/CMakeFiles/STM32_Drivers.dir/__/__/Drivers/STM32F1xx_HAL_Driver/Src/stm32f1xx_hal_dma.c.obj
                0x08001d8c                HAL_DMA_IRQHandler
 .text.HAL_NVIC_SetPriorityGrouping
                0x08001f44       0x24 cmake/stm32cubemx/CMakeFiles/STM32_Drivers.dir/__/__/Drivers/STM32F1xx_HAL_Driver/Src/stm32f1xx_hal_cortex.c.obj
                0x08001f44                HAL_NVIC_SetPriorityGrouping
 .text.HAL_NVIC_SetPriority
                0x08001f68       0x60 cmake/stm32cubemx/CMakeFiles/STM32_Drivers.dir/__/__/Drivers/STM32F1xx_HAL_Driver/Src/stm32f1xx_hal_cortex.c.obj
                0x08001f68                HAL_NVIC_SetPriority
 .text.HAL_NVIC_EnableIRQ
                0x08001fc8       0x1c cmake/stm32cubemx/CMakeFiles/STM32_Drivers.dir/__/__/Drivers/STM32F1xx_HAL_Driver/Src/stm32f1xx_hal_cortex.c.obj
                0x08001fc8                HAL_NVIC_EnableIRQ
 .text.HAL_NVIC_DisableIRQ
                0x08001fe4       0x24 cmake/stm32cubemx/CMakeFiles/STM32_Drivers.dir/__/__/Drivers/STM32F1xx_HAL_Driver/Src/stm32f1xx_hal_cortex.c.obj
                0x08001fe4                HAL_NVIC_DisableIRQ
 .text.HAL_SYSTICK_Config
                0x08002008       0x28 cmake/stm32cubemx/CMakeFiles/STM32_Drivers.dir/__/__/Drivers/STM32F1xx_HAL_Driver/Src/stm32f1xx_hal_cortex.c.obj
                0x08002008                HAL_SYSTICK_Config
 .text.HAL_PCD_Init
                0x08002030       0xc6 cmake/stm32cubemx/CMakeFiles/STM32_Drivers.dir/__/__/Drivers/STM32F1xx_HAL_Driver/Src/stm32f1xx_hal_pcd.c.obj
                0x08002030                HAL_PCD_Init
 .text.HAL_PCD_Start
                0x080020f6       0x32 cmake/stm32cubemx/CMakeFiles/STM32_Drivers.dir/__/__/Drivers/STM32F1xx_HAL_Driver/Src/stm32f1xx_hal_pcd.c.obj
                0x080020f6                HAL_PCD_Start
 .text.HAL_PCD_SetAddress
                0x08002128       0x26 cmake/stm32cubemx/CMakeFiles/STM32_Drivers.dir/__/__/Drivers/STM32F1xx_HAL_Driver/Src/stm32f1xx_hal_pcd.c.obj
                0x08002128                HAL_PCD_SetAddress
 *fill*         0x0800214e        0x2 
 .text.HAL_PCD_IRQHandler
                0x08002150      0x9b4 cmake/stm32cubemx/CMakeFiles/STM32_Drivers.dir/__/__/Drivers/STM32F1xx_HAL_Driver/Src/stm32f1xx_hal_pcd.c.obj
                0x08002150                HAL_PCD_IRQHandler
 .text.HAL_PCD_EP_Open
                0x08002b04       0x60 cmake/stm32cubemx/CMakeFiles/STM32_Drivers.dir/__/__/Drivers/STM32F1xx_HAL_Driver/Src/stm32f1xx_hal_pcd.c.obj
                0x08002b04                HAL_PCD_EP_Open
 .text.HAL_PCD_EP_Close
                0x08002b64       0x50 cmake/stm32cubemx/CMakeFiles/STM32_Drivers.dir/__/__/Drivers/STM32F1xx_HAL_Driver/Src/stm32f1xx_hal_pcd.c.obj
                0x08002b64                HAL_PCD_EP_Close
 .text.HAL_PCD_EP_Receive
                0x08002bb4       0x2e cmake/stm32cubemx/CMakeFiles/STM32_Drivers.dir/__/__/Drivers/STM32F1xx_HAL_Driver/Src/stm32f1xx_hal_pcd.c.obj
                0x08002bb4                HAL_PCD_EP_Receive
 .text.HAL_PCD_EP_GetRxCount
                0x08002be2       0x10 cmake/stm32cubemx/CMakeFiles/STM32_Drivers.dir/__/__/Drivers/STM32F1xx_HAL_Driver/Src/stm32f1xx_hal_pcd.c.obj
                0x08002be2                HAL_PCD_EP_GetRxCount
 .text.HAL_PCD_EP_Transmit
                0x08002bf2       0x30 cmake/stm32cubemx/CMakeFiles/STM32_Drivers.dir/__/__/Drivers/STM32F1xx_HAL_Driver/Src/stm32f1xx_hal_pcd.c.obj
                0x08002bf2                HAL_PCD_EP_Transmit
 .text.HAL_PCD_EP_SetStall
                0x08002c22       0x6c cmake/stm32cubemx/CMakeFiles/STM32_Drivers.dir/__/__/Drivers/STM32F1xx_HAL_Driver/Src/stm32f1xx_hal_pcd.c.obj
                0x08002c22                HAL_PCD_EP_SetStall
 .text.HAL_PCD_EP_ClrStall
                0x08002c8e       0x64 cmake/stm32cubemx/CMakeFiles/STM32_Drivers.dir/__/__/Drivers/STM32F1xx_HAL_Driver/Src/stm32f1xx_hal_pcd.c.obj
                0x08002c8e                HAL_PCD_EP_ClrStall
 .text.HAL_PCDEx_PMAConfig
                0x08002cf2       0x32 cmake/stm32cubemx/CMakeFiles/STM32_Drivers.dir/__/__/Drivers/STM32F1xx_HAL_Driver/Src/stm32f1xx_hal_pcd_ex.c.obj
                0x08002cf2                HAL_PCDEx_PMAConfig
 .text.USB_CoreInit
                0x08002d24        0xe cmake/stm32cubemx/CMakeFiles/STM32_Drivers.dir/__/__/Drivers/STM32F1xx_HAL_Driver/Src/stm32f1xx_ll_usb.c.obj
                0x08002d24                USB_CoreInit
 .text.USB_EnableGlobalInt
                0x08002d32       0x12 cmake/stm32cubemx/CMakeFiles/STM32_Drivers.dir/__/__/Drivers/STM32F1xx_HAL_Driver/Src/stm32f1xx_ll_usb.c.obj
                0x08002d32                USB_EnableGlobalInt
 .text.USB_DisableGlobalInt
                0x08002d44       0x14 cmake/stm32cubemx/CMakeFiles/STM32_Drivers.dir/__/__/Drivers/STM32F1xx_HAL_Driver/Src/stm32f1xx_ll_usb.c.obj
                0x08002d44                USB_DisableGlobalInt
 .text.USB_SetCurrentMode
                0x08002d58        0x4 cmake/stm32cubemx/CMakeFiles/STM32_Drivers.dir/__/__/Drivers/STM32F1xx_HAL_Driver/Src/stm32f1xx_ll_usb.c.obj
                0x08002d58                USB_SetCurrentMode
 .text.USB_DevInit
                0x08002d5c       0x22 cmake/stm32cubemx/CMakeFiles/STM32_Drivers.dir/__/__/Drivers/STM32F1xx_HAL_Driver/Src/stm32f1xx_ll_usb.c.obj
                0x08002d5c                USB_DevInit
 *fill*         0x08002d7e        0x2 
 .text.USB_ActivateEndpoint
                0x08002d80      0x2c0 cmake/stm32cubemx/CMakeFiles/STM32_Drivers.dir/__/__/Drivers/STM32F1xx_HAL_Driver/Src/stm32f1xx_ll_usb.c.obj
                0x08002d80                USB_ActivateEndpoint
 .text.USB_DeactivateEndpoint
                0x08003040      0x1a6 cmake/stm32cubemx/CMakeFiles/STM32_Drivers.dir/__/__/Drivers/STM32F1xx_HAL_Driver/Src/stm32f1xx_ll_usb.c.obj
                0x08003040                USB_DeactivateEndpoint
 .text.USB_EPSetStall
                0x080031e6       0x40 cmake/stm32cubemx/CMakeFiles/STM32_Drivers.dir/__/__/Drivers/STM32F1xx_HAL_Driver/Src/stm32f1xx_ll_usb.c.obj
                0x080031e6                USB_EPSetStall
 .text.USB_EPClearStall
                0x08003226       0x92 cmake/stm32cubemx/CMakeFiles/STM32_Drivers.dir/__/__/Drivers/STM32F1xx_HAL_Driver/Src/stm32f1xx_ll_usb.c.obj
                0x08003226                USB_EPClearStall
 .text.USB_SetDevAddress
                0x080032b8        0xc cmake/stm32cubemx/CMakeFiles/STM32_Drivers.dir/__/__/Drivers/STM32F1xx_HAL_Driver/Src/stm32f1xx_ll_usb.c.obj
                0x080032b8                USB_SetDevAddress
 .text.USB_DevConnect
                0x080032c4        0x4 cmake/stm32cubemx/CMakeFiles/STM32_Drivers.dir/__/__/Drivers/STM32F1xx_HAL_Driver/Src/stm32f1xx_ll_usb.c.obj
                0x080032c4                USB_DevConnect
 .text.USB_DevDisconnect
                0x080032c8        0x4 cmake/stm32cubemx/CMakeFiles/STM32_Drivers.dir/__/__/Drivers/STM32F1xx_HAL_Driver/Src/stm32f1xx_ll_usb.c.obj
                0x080032c8                USB_DevDisconnect
 .text.USB_ReadInterrupts
                0x080032cc        0x8 cmake/stm32cubemx/CMakeFiles/STM32_Drivers.dir/__/__/Drivers/STM32F1xx_HAL_Driver/Src/stm32f1xx_ll_usb.c.obj
                0x080032cc                USB_ReadInterrupts
 .text.USB_EP0_OutStart
                0x080032d4        0x4 cmake/stm32cubemx/CMakeFiles/STM32_Drivers.dir/__/__/Drivers/STM32F1xx_HAL_Driver/Src/stm32f1xx_ll_usb.c.obj
                0x080032d4                USB_EP0_OutStart
 .text.USB_WritePMA
                0x080032d8       0x20 cmake/stm32cubemx/CMakeFiles/STM32_Drivers.dir/__/__/Drivers/STM32F1xx_HAL_Driver/Src/stm32f1xx_ll_usb.c.obj
                0x080032d8                USB_WritePMA
 .text.USB_EPStartXfer
                0x080032f8      0x462 cmake/stm32cubemx/CMakeFiles/STM32_Drivers.dir/__/__/Drivers/STM32F1xx_HAL_Driver/Src/stm32f1xx_ll_usb.c.obj
                0x080032f8                USB_EPStartXfer
 .text.USB_ReadPMA
                0x0800375a       0x38 cmake/stm32cubemx/CMakeFiles/STM32_Drivers.dir/__/__/Drivers/STM32F1xx_HAL_Driver/Src/stm32f1xx_ll_usb.c.obj
                0x0800375a                USB_ReadPMA
 *fill*         0x08003792        0x2 
 .text.TIM_OC1_SetConfig
                0x08003794       0x58 cmake/stm32cubemx/CMakeFiles/STM32_Drivers.dir/__/__/Drivers/STM32F1xx_HAL_Driver/Src/stm32f1xx_hal_tim.c.obj
 .text.TIM_OC3_SetConfig
                0x080037ec       0x5c cmake/stm32cubemx/CMakeFiles/STM32_Drivers.dir/__/__/Drivers/STM32F1xx_HAL_Driver/Src/stm32f1xx_hal_tim.c.obj
 .text.TIM_OC4_SetConfig
                0x08003848       0x4c cmake/stm32cubemx/CMakeFiles/STM32_Drivers.dir/__/__/Drivers/STM32F1xx_HAL_Driver/Src/stm32f1xx_hal_tim.c.obj
 .text.HAL_TIM_Base_MspInit
                0x08003894        0x2 cmake/stm32cubemx/CMakeFiles/STM32_Drivers.dir/__/__/Drivers/STM32F1xx_HAL_Driver/Src/stm32f1xx_hal_tim.c.obj
                0x08003894                HAL_TIM_Base_MspInit
 *fill*         0x08003896        0x2 
 .text.HAL_TIM_Base_Start_IT
                0x08003898       0x64 cmake/stm32cubemx/CMakeFiles/STM32_Drivers.dir/__/__/Drivers/STM32F1xx_HAL_Driver/Src/stm32f1xx_hal_tim.c.obj
                0x08003898                HAL_TIM_Base_Start_IT
 .text.HAL_TIM_PWM_MspInit
                0x080038fc        0x2 cmake/stm32cubemx/CMakeFiles/STM32_Drivers.dir/__/__/Drivers/STM32F1xx_HAL_Driver/Src/stm32f1xx_hal_tim.c.obj
                0x080038fc                HAL_TIM_PWM_MspInit
 .text.HAL_TIM_IC_MspInit
                0x080038fe        0x2 cmake/stm32cubemx/CMakeFiles/STM32_Drivers.dir/__/__/Drivers/STM32F1xx_HAL_Driver/Src/stm32f1xx_hal_tim.c.obj
                0x080038fe                HAL_TIM_IC_MspInit
 .text.HAL_TIM_OnePulse_MspInit
                0x08003900        0x2 cmake/stm32cubemx/CMakeFiles/STM32_Drivers.dir/__/__/Drivers/STM32F1xx_HAL_Driver/Src/stm32f1xx_hal_tim.c.obj
                0x08003900                HAL_TIM_OnePulse_MspInit
 .text.HAL_TIM_ReadCapturedValue
                0x08003902       0x2c cmake/stm32cubemx/CMakeFiles/STM32_Drivers.dir/__/__/Drivers/STM32F1xx_HAL_Driver/Src/stm32f1xx_hal_tim.c.obj
                0x08003902                HAL_TIM_ReadCapturedValue
 .text.HAL_TIM_OC_DelayElapsedCallback
                0x0800392e        0x2 cmake/stm32cubemx/CMakeFiles/STM32_Drivers.dir/__/__/Drivers/STM32F1xx_HAL_Driver/Src/stm32f1xx_hal_tim.c.obj
                0x0800392e                HAL_TIM_OC_DelayElapsedCallback
 .text.HAL_TIM_PWM_PulseFinishedCallback
                0x08003930        0x2 cmake/stm32cubemx/CMakeFiles/STM32_Drivers.dir/__/__/Drivers/STM32F1xx_HAL_Driver/Src/stm32f1xx_hal_tim.c.obj
                0x08003930                HAL_TIM_PWM_PulseFinishedCallback
 .text.HAL_TIM_TriggerCallback
                0x08003932        0x2 cmake/stm32cubemx/CMakeFiles/STM32_Drivers.dir/__/__/Drivers/STM32F1xx_HAL_Driver/Src/stm32f1xx_hal_tim.c.obj
                0x08003932                HAL_TIM_TriggerCallback
 .text.HAL_TIM_IRQHandler
                0x08003934      0x128 cmake/stm32cubemx/CMakeFiles/STM32_Drivers.dir/__/__/Drivers/STM32F1xx_HAL_Driver/Src/stm32f1xx_hal_tim.c.obj
                0x08003934                HAL_TIM_IRQHandler
 .text.TIM_Base_SetConfig
                0x08003a5c       0x7c cmake/stm32cubemx/CMakeFiles/STM32_Drivers.dir/__/__/Drivers/STM32F1xx_HAL_Driver/Src/stm32f1xx_hal_tim.c.obj
                0x08003a5c                TIM_Base_SetConfig
 .text.HAL_TIM_Base_Init
                0x08003ad8       0x58 cmake/stm32cubemx/CMakeFiles/STM32_Drivers.dir/__/__/Drivers/STM32F1xx_HAL_Driver/Src/stm32f1xx_hal_tim.c.obj
                0x08003ad8                HAL_TIM_Base_Init
 .text.HAL_TIM_PWM_Init
                0x08003b30       0x58 cmake/stm32cubemx/CMakeFiles/STM32_Drivers.dir/__/__/Drivers/STM32F1xx_HAL_Driver/Src/stm32f1xx_hal_tim.c.obj
                0x08003b30                HAL_TIM_PWM_Init
 .text.HAL_TIM_IC_Init
                0x08003b88       0x58 cmake/stm32cubemx/CMakeFiles/STM32_Drivers.dir/__/__/Drivers/STM32F1xx_HAL_Driver/Src/stm32f1xx_hal_tim.c.obj
                0x08003b88                HAL_TIM_IC_Init
 .text.HAL_TIM_OnePulse_Init
                0x08003be0       0x5a cmake/stm32cubemx/CMakeFiles/STM32_Drivers.dir/__/__/Drivers/STM32F1xx_HAL_Driver/Src/stm32f1xx_hal_tim.c.obj
                0x08003be0                HAL_TIM_OnePulse_Init
 *fill*         0x08003c3a        0x2 
 .text.TIM_OC2_SetConfig
                0x08003c3c       0x60 cmake/stm32cubemx/CMakeFiles/STM32_Drivers.dir/__/__/Drivers/STM32F1xx_HAL_Driver/Src/stm32f1xx_hal_tim.c.obj
                0x08003c3c                TIM_OC2_SetConfig
 .text.HAL_TIM_PWM_ConfigChannel
                0x08003c9c       0xb0 cmake/stm32cubemx/CMakeFiles/STM32_Drivers.dir/__/__/Drivers/STM32F1xx_HAL_Driver/Src/stm32f1xx_hal_tim.c.obj
                0x08003c9c                HAL_TIM_PWM_ConfigChannel
 .text.TIM_TI1_SetConfig
                0x08003d4c       0x60 cmake/stm32cubemx/CMakeFiles/STM32_Drivers.dir/__/__/Drivers/STM32F1xx_HAL_Driver/Src/stm32f1xx_hal_tim.c.obj
                0x08003d4c                TIM_TI1_SetConfig
 .text.HAL_TIM_IC_ConfigChannel
                0x08003dac      0x116 cmake/stm32cubemx/CMakeFiles/STM32_Drivers.dir/__/__/Drivers/STM32F1xx_HAL_Driver/Src/stm32f1xx_hal_tim.c.obj
                0x08003dac                HAL_TIM_IC_ConfigChannel
 .text.TIM_ETR_SetConfig
                0x08003ec2       0x14 cmake/stm32cubemx/CMakeFiles/STM32_Drivers.dir/__/__/Drivers/STM32F1xx_HAL_Driver/Src/stm32f1xx_hal_tim.c.obj
                0x08003ec2                TIM_ETR_SetConfig
 .text.HAL_TIM_ConfigClockSource
                0x08003ed6      0x132 cmake/stm32cubemx/CMakeFiles/STM32_Drivers.dir/__/__/Drivers/STM32F1xx_HAL_Driver/Src/stm32f1xx_hal_tim.c.obj
                0x08003ed6                HAL_TIM_ConfigClockSource
 .text.TIM_CCxChannelCmd
                0x08004008       0x1c cmake/stm32cubemx/CMakeFiles/STM32_Drivers.dir/__/__/Drivers/STM32F1xx_HAL_Driver/Src/stm32f1xx_hal_tim.c.obj
                0x08004008                TIM_CCxChannelCmd
 .text.HAL_TIM_OC_Start
                0x08004024       0xac cmake/stm32cubemx/CMakeFiles/STM32_Drivers.dir/__/__/Drivers/STM32F1xx_HAL_Driver/Src/stm32f1xx_hal_tim.c.obj
                0x08004024                HAL_TIM_OC_Start
 .text.HAL_TIM_PWM_Start
                0x080040d0        0x4 cmake/stm32cubemx/CMakeFiles/STM32_Drivers.dir/__/__/Drivers/STM32F1xx_HAL_Driver/Src/stm32f1xx_hal_tim.c.obj
                0x080040d0                HAL_TIM_PWM_Start
 .text.HAL_TIM_OC_Stop
                0x080040d4       0x7c cmake/stm32cubemx/CMakeFiles/STM32_Drivers.dir/__/__/Drivers/STM32F1xx_HAL_Driver/Src/stm32f1xx_hal_tim.c.obj
                0x080040d4                HAL_TIM_OC_Stop
 .text.HAL_TIM_PWM_Stop
                0x08004150        0x4 cmake/stm32cubemx/CMakeFiles/STM32_Drivers.dir/__/__/Drivers/STM32F1xx_HAL_Driver/Src/stm32f1xx_hal_tim.c.obj
                0x08004150                HAL_TIM_PWM_Stop
 .text.HAL_TIM_IC_Start_IT
                0x08004154       0xf0 cmake/stm32cubemx/CMakeFiles/STM32_Drivers.dir/__/__/Drivers/STM32F1xx_HAL_Driver/Src/stm32f1xx_hal_tim.c.obj
                0x08004154                HAL_TIM_IC_Start_IT
 .text.HAL_TIM_IC_Stop_IT
                0x08004244       0x9a cmake/stm32cubemx/CMakeFiles/STM32_Drivers.dir/__/__/Drivers/STM32F1xx_HAL_Driver/Src/stm32f1xx_hal_tim.c.obj
                0x08004244                HAL_TIM_IC_Stop_IT
 .text.TIM_CCxNChannelCmd
                0x080042de       0x1c cmake/stm32cubemx/CMakeFiles/STM32_Drivers.dir/__/__/Drivers/STM32F1xx_HAL_Driver/Src/stm32f1xx_hal_tim_ex.c.obj
 *fill*         0x080042fa        0x2 
 .text.HAL_TIMEx_OCN_Start
                0x080042fc       0xa4 cmake/stm32cubemx/CMakeFiles/STM32_Drivers.dir/__/__/Drivers/STM32F1xx_HAL_Driver/Src/stm32f1xx_hal_tim_ex.c.obj
                0x080042fc                HAL_TIMEx_OCN_Start
 .text.HAL_TIMEx_OCN_Stop
                0x080043a0       0x6a cmake/stm32cubemx/CMakeFiles/STM32_Drivers.dir/__/__/Drivers/STM32F1xx_HAL_Driver/Src/stm32f1xx_hal_tim_ex.c.obj
                0x080043a0                HAL_TIMEx_OCN_Stop
 .text.HAL_TIMEx_PWMN_Start
                0x0800440a        0x4 cmake/stm32cubemx/CMakeFiles/STM32_Drivers.dir/__/__/Drivers/STM32F1xx_HAL_Driver/Src/stm32f1xx_hal_tim_ex.c.obj
                0x0800440a                HAL_TIMEx_PWMN_Start
 .text.HAL_TIMEx_PWMN_Stop
                0x0800440e        0x4 cmake/stm32cubemx/CMakeFiles/STM32_Drivers.dir/__/__/Drivers/STM32F1xx_HAL_Driver/Src/stm32f1xx_hal_tim_ex.c.obj
                0x0800440e                HAL_TIMEx_PWMN_Stop
 *fill*         0x08004412        0x2 
 .text.HAL_TIMEx_MasterConfigSynchronization
                0x08004414       0x6c cmake/stm32cubemx/CMakeFiles/STM32_Drivers.dir/__/__/Drivers/STM32F1xx_HAL_Driver/Src/stm32f1xx_hal_tim_ex.c.obj
                0x08004414                HAL_TIMEx_MasterConfigSynchronization
 .text.HAL_TIMEx_ConfigBreakDeadTime
                0x08004480       0x4c cmake/stm32cubemx/CMakeFiles/STM32_Drivers.dir/__/__/Drivers/STM32F1xx_HAL_Driver/Src/stm32f1xx_hal_tim_ex.c.obj
                0x08004480                HAL_TIMEx_ConfigBreakDeadTime
 .text.HAL_TIMEx_CommutCallback
                0x080044cc        0x2 cmake/stm32cubemx/CMakeFiles/STM32_Drivers.dir/__/__/Drivers/STM32F1xx_HAL_Driver/Src/stm32f1xx_hal_tim_ex.c.obj
                0x080044cc                HAL_TIMEx_CommutCallback
 .text.HAL_TIMEx_BreakCallback
                0x080044ce        0x2 cmake/stm32cubemx/CMakeFiles/STM32_Drivers.dir/__/__/Drivers/STM32F1xx_HAL_Driver/Src/stm32f1xx_hal_tim_ex.c.obj
                0x080044ce                HAL_TIMEx_BreakCallback
 .text.USBD_Init
                0x080044d0       0x2a cmake/stm32cubemx/CMakeFiles/USB_Device_Library.dir/__/__/Middlewares/ST/STM32_USB_Device_Library/Core/Src/usbd_core.c.obj
                0x080044d0                USBD_Init
 .text.USBD_RegisterClass
                0x080044fa        0xe cmake/stm32cubemx/CMakeFiles/USB_Device_Library.dir/__/__/Middlewares/ST/STM32_USB_Device_Library/Core/Src/usbd_core.c.obj
                0x080044fa                USBD_RegisterClass
 .text.USBD_Start
                0x08004508        0xa cmake/stm32cubemx/CMakeFiles/USB_Device_Library.dir/__/__/Middlewares/ST/STM32_USB_Device_Library/Core/Src/usbd_core.c.obj
                0x08004508                USBD_Start
 .text.USBD_SetClassConfig
                0x08004512       0x1a cmake/stm32cubemx/CMakeFiles/USB_Device_Library.dir/__/__/Middlewares/ST/STM32_USB_Device_Library/Core/Src/usbd_core.c.obj
                0x08004512                USBD_SetClassConfig
 .text.USBD_ClrClassConfig
                0x0800452c        0xe cmake/stm32cubemx/CMakeFiles/USB_Device_Library.dir/__/__/Middlewares/ST/STM32_USB_Device_Library/Core/Src/usbd_core.c.obj
                0x0800452c                USBD_ClrClassConfig
 .text.USBD_LL_SetupStage
                0x0800453a       0x5a cmake/stm32cubemx/CMakeFiles/USB_Device_Library.dir/__/__/Middlewares/ST/STM32_USB_Device_Library/Core/Src/usbd_core.c.obj
                0x0800453a                USBD_LL_SetupStage
 .text.USBD_LL_DataOutStage
                0x08004594       0x70 cmake/stm32cubemx/CMakeFiles/USB_Device_Library.dir/__/__/Middlewares/ST/STM32_USB_Device_Library/Core/Src/usbd_core.c.obj
                0x08004594                USBD_LL_DataOutStage
 .text.USBD_LL_DataInStage
                0x08004604       0xb8 cmake/stm32cubemx/CMakeFiles/USB_Device_Library.dir/__/__/Middlewares/ST/STM32_USB_Device_Library/Core/Src/usbd_core.c.obj
                0x08004604                USBD_LL_DataInStage
 .text.USBD_LL_Reset
                0x080046bc       0x4e cmake/stm32cubemx/CMakeFiles/USB_Device_Library.dir/__/__/Middlewares/ST/STM32_USB_Device_Library/Core/Src/usbd_core.c.obj
                0x080046bc                USBD_LL_Reset
 .text.USBD_LL_SetSpeed
                0x0800470a        0x6 cmake/stm32cubemx/CMakeFiles/USB_Device_Library.dir/__/__/Middlewares/ST/STM32_USB_Device_Library/Core/Src/usbd_core.c.obj
                0x0800470a                USBD_LL_SetSpeed
 .text.USBD_LL_Suspend
                0x08004710       0x12 cmake/stm32cubemx/CMakeFiles/USB_Device_Library.dir/__/__/Middlewares/ST/STM32_USB_Device_Library/Core/Src/usbd_core.c.obj
                0x08004710                USBD_LL_Suspend
 .text.USBD_LL_Resume
                0x08004722       0x14 cmake/stm32cubemx/CMakeFiles/USB_Device_Library.dir/__/__/Middlewares/ST/STM32_USB_Device_Library/Core/Src/usbd_core.c.obj
                0x08004722                USBD_LL_Resume
 .text.USBD_LL_SOF
                0x08004736       0x18 cmake/stm32cubemx/CMakeFiles/USB_Device_Library.dir/__/__/Middlewares/ST/STM32_USB_Device_Library/Core/Src/usbd_core.c.obj
                0x08004736                USBD_LL_SOF
 .text.USBD_CtlError.constprop.0
                0x0800474e       0x16 cmake/stm32cubemx/CMakeFiles/USB_Device_Library.dir/__/__/Middlewares/ST/STM32_USB_Device_Library/Core/Src/usbd_ctlreq.c.obj
 .text.USBD_StdDevReq
                0x08004764      0x290 cmake/stm32cubemx/CMakeFiles/USB_Device_Library.dir/__/__/Middlewares/ST/STM32_USB_Device_Library/Core/Src/usbd_ctlreq.c.obj
                0x08004764                USBD_StdDevReq
 .text.USBD_StdItfReq
                0x080049f4       0x48 cmake/stm32cubemx/CMakeFiles/USB_Device_Library.dir/__/__/Middlewares/ST/STM32_USB_Device_Library/Core/Src/usbd_ctlreq.c.obj
                0x080049f4                USBD_StdItfReq
 .text.USBD_StdEPReq
                0x08004a3c      0x118 cmake/stm32cubemx/CMakeFiles/USB_Device_Library.dir/__/__/Middlewares/ST/STM32_USB_Device_Library/Core/Src/usbd_ctlreq.c.obj
                0x08004a3c                USBD_StdEPReq
 .text.USBD_ParseSetupRequest
                0x08004b54       0x16 cmake/stm32cubemx/CMakeFiles/USB_Device_Library.dir/__/__/Middlewares/ST/STM32_USB_Device_Library/Core/Src/usbd_ctlreq.c.obj
                0x08004b54                USBD_ParseSetupRequest
 .text.USBD_CtlError
                0x08004b6a       0x16 cmake/stm32cubemx/CMakeFiles/USB_Device_Library.dir/__/__/Middlewares/ST/STM32_USB_Device_Library/Core/Src/usbd_ctlreq.c.obj
                0x08004b6a                USBD_CtlError
 .text.USBD_GetString
                0x08004b80       0x38 cmake/stm32cubemx/CMakeFiles/USB_Device_Library.dir/__/__/Middlewares/ST/STM32_USB_Device_Library/Core/Src/usbd_ctlreq.c.obj
                0x08004b80                USBD_GetString
 .text.USBD_CtlSendData
                0x08004bb8       0x1a cmake/stm32cubemx/CMakeFiles/USB_Device_Library.dir/__/__/Middlewares/ST/STM32_USB_Device_Library/Core/Src/usbd_ioreq.c.obj
                0x08004bb8                USBD_CtlSendData
 .text.USBD_CtlContinueSendData
                0x08004bd2       0x10 cmake/stm32cubemx/CMakeFiles/USB_Device_Library.dir/__/__/Middlewares/ST/STM32_USB_Device_Library/Core/Src/usbd_ioreq.c.obj
                0x08004bd2                USBD_CtlContinueSendData
 .text.USBD_CtlPrepareRx
                0x08004be2       0x1a cmake/stm32cubemx/CMakeFiles/USB_Device_Library.dir/__/__/Middlewares/ST/STM32_USB_Device_Library/Core/Src/usbd_ioreq.c.obj
                0x08004be2                USBD_CtlPrepareRx
 .text.USBD_CtlContinueRx
                0x08004bfc       0x10 cmake/stm32cubemx/CMakeFiles/USB_Device_Library.dir/__/__/Middlewares/ST/STM32_USB_Device_Library/Core/Src/usbd_ioreq.c.obj
                0x08004bfc                USBD_CtlContinueRx
 .text.USBD_CtlSendStatus
                0x08004c0c       0x16 cmake/stm32cubemx/CMakeFiles/USB_Device_Library.dir/__/__/Middlewares/ST/STM32_USB_Device_Library/Core/Src/usbd_ioreq.c.obj
                0x08004c0c                USBD_CtlSendStatus
 .text.USBD_CtlReceiveStatus
                0x08004c22       0x16 cmake/stm32cubemx/CMakeFiles/USB_Device_Library.dir/__/__/Middlewares/ST/STM32_USB_Device_Library/Core/Src/usbd_ioreq.c.obj
                0x08004c22                USBD_CtlReceiveStatus
 .text.USBD_CDC_EP0_RxReady
                0x08004c38       0x28 cmake/stm32cubemx/CMakeFiles/USB_Device_Library.dir/__/__/Middlewares/ST/STM32_USB_Device_Library/Class/CDC/Src/usbd_cdc.c.obj
 .text.USBD_CDC_GetFSCfgDesc
                0x08004c60        0xc cmake/stm32cubemx/CMakeFiles/USB_Device_Library.dir/__/__/Middlewares/ST/STM32_USB_Device_Library/Class/CDC/Src/usbd_cdc.c.obj
 .text.USBD_CDC_GetHSCfgDesc
                0x08004c6c        0xc cmake/stm32cubemx/CMakeFiles/USB_Device_Library.dir/__/__/Middlewares/ST/STM32_USB_Device_Library/Class/CDC/Src/usbd_cdc.c.obj
 .text.USBD_CDC_GetOtherSpeedCfgDesc
                0x08004c78        0xc cmake/stm32cubemx/CMakeFiles/USB_Device_Library.dir/__/__/Middlewares/ST/STM32_USB_Device_Library/Class/CDC/Src/usbd_cdc.c.obj
 .text.USBD_CDC_GetDeviceQualifierDescriptor
                0x08004c84        0xc cmake/stm32cubemx/CMakeFiles/USB_Device_Library.dir/__/__/Middlewares/ST/STM32_USB_Device_Library/Class/CDC/Src/usbd_cdc.c.obj
                0x08004c84                USBD_CDC_GetDeviceQualifierDescriptor
 .text.USBD_CDC_DataOut
                0x08004c90       0x2e cmake/stm32cubemx/CMakeFiles/USB_Device_Library.dir/__/__/Middlewares/ST/STM32_USB_Device_Library/Class/CDC/Src/usbd_cdc.c.obj
 .text.USBD_CDC_DataIn
                0x08004cbe       0x40 cmake/stm32cubemx/CMakeFiles/USB_Device_Library.dir/__/__/Middlewares/ST/STM32_USB_Device_Library/Class/CDC/Src/usbd_cdc.c.obj
 .text.USBD_CDC_Setup
                0x08004cfe       0xa2 cmake/stm32cubemx/CMakeFiles/USB_Device_Library.dir/__/__/Middlewares/ST/STM32_USB_Device_Library/Class/CDC/Src/usbd_cdc.c.obj
 .text.USBD_CDC_DeInit
                0x08004da0       0x42 cmake/stm32cubemx/CMakeFiles/USB_Device_Library.dir/__/__/Middlewares/ST/STM32_USB_Device_Library/Class/CDC/Src/usbd_cdc.c.obj
 .text.USBD_CDC_Init
                0x08004de2       0x8c cmake/stm32cubemx/CMakeFiles/USB_Device_Library.dir/__/__/Middlewares/ST/STM32_USB_Device_Library/Class/CDC/Src/usbd_cdc.c.obj
 .text.USBD_CDC_RegisterInterface
                0x08004e6e        0xe cmake/stm32cubemx/CMakeFiles/USB_Device_Library.dir/__/__/Middlewares/ST/STM32_USB_Device_Library/Class/CDC/Src/usbd_cdc.c.obj
                0x08004e6e                USBD_CDC_RegisterInterface
 .text.USBD_CDC_SetTxBuffer
                0x08004e7c       0x10 cmake/stm32cubemx/CMakeFiles/USB_Device_Library.dir/__/__/Middlewares/ST/STM32_USB_Device_Library/Class/CDC/Src/usbd_cdc.c.obj
                0x08004e7c                USBD_CDC_SetTxBuffer
 .text.USBD_CDC_SetRxBuffer
                0x08004e8c        0xc cmake/stm32cubemx/CMakeFiles/USB_Device_Library.dir/__/__/Middlewares/ST/STM32_USB_Device_Library/Class/CDC/Src/usbd_cdc.c.obj
                0x08004e8c                USBD_CDC_SetRxBuffer
 .text.USBD_CDC_TransmitPacket
                0x08004e98       0x32 cmake/stm32cubemx/CMakeFiles/USB_Device_Library.dir/__/__/Middlewares/ST/STM32_USB_Device_Library/Class/CDC/Src/usbd_cdc.c.obj
                0x08004e98                USBD_CDC_TransmitPacket
 .text.USBD_CDC_ReceivePacket
                0x08004eca       0x26 cmake/stm32cubemx/CMakeFiles/USB_Device_Library.dir/__/__/Middlewares/ST/STM32_USB_Device_Library/Class/CDC/Src/usbd_cdc.c.obj
                0x08004eca                USBD_CDC_ReceivePacket
 .text._ZN3etl8map_base12balance_nodeERPNS0_4NodeE.isra.0
                0x08004ef0       0xb8 CMakeFiles/TEST_F103RC.dir/Core/Src/main.cpp.obj
 .text._Z18SystemClock_Configv
                0x08004fa8       0xbc CMakeFiles/TEST_F103RC.dir/Core/Src/main.cpp.obj
                0x08004fa8                SystemClock_Config()
 .text._Z10UARTx_Initv
                0x08005064       0x44 CMakeFiles/TEST_F103RC.dir/Core/Src/main.cpp.obj
                0x08005064                UARTx_Init()
 .text._Z9TIMx_Initv
                0x080050a8       0x38 CMakeFiles/TEST_F103RC.dir/Core/Src/main.cpp.obj
                0x080050a8                TIMx_Init()
 .text.Error_Handler
                0x080050e0        0x2 CMakeFiles/TEST_F103RC.dir/Core/Src/main.cpp.obj
                0x080050e0                Error_Handler
 .text._ZN3etl4imapIP11TIM_TypeDefP17TIM_HandleTypeDefNS_4lessIS2_EEE11insert_nodeERPNS_8map_base4NodeERNS7_9Data_NodeE
                0x080050e2       0xac CMakeFiles/TEST_F103RC.dir/Core/Src/main.cpp.obj
                0x080050e2                etl::imap<TIM_TypeDef*, TIM_HandleTypeDef*, etl::less<TIM_TypeDef*> >::insert_node(etl::map_base::Node*&, etl::imap<TIM_TypeDef*, TIM_HandleTypeDef*, etl::less<TIM_TypeDef*> >::Data_Node&)
 .text._ZN3etl4imapIP11TIM_TypeDefP17TIM_HandleTypeDefNS_4lessIS2_EEEixERKS2_
                0x0800518e       0x72 CMakeFiles/TEST_F103RC.dir/Core/Src/main.cpp.obj
                0x0800518e                etl::imap<TIM_TypeDef*, TIM_HandleTypeDef*, etl::less<TIM_TypeDef*> >::operator[](TIM_TypeDef* const&)
 .text._Z15TIM_SW_PWM_Initv
                0x08005200       0x64 CMakeFiles/TEST_F103RC.dir/Core/Src/main.cpp.obj
                0x08005200                TIM_SW_PWM_Init()
 .text._Z19TIM_SW_MEASURE_Initv
                0x08005264       0x74 CMakeFiles/TEST_F103RC.dir/Core/Src/main.cpp.obj
                0x08005264                TIM_SW_MEASURE_Init()
 .text.startup.main
                0x080052d8       0xd4 CMakeFiles/TEST_F103RC.dir/Core/Src/main.cpp.obj
                0x080052d8                main
 .text.NMI_Handler
                0x080053ac        0x2 CMakeFiles/TEST_F103RC.dir/Core/Src/stm32f1xx_it.c.obj
                0x080053ac                NMI_Handler
 .text.HardFault_Handler
                0x080053ae        0x2 CMakeFiles/TEST_F103RC.dir/Core/Src/stm32f1xx_it.c.obj
                0x080053ae                HardFault_Handler
 .text.MemManage_Handler
                0x080053b0        0x2 CMakeFiles/TEST_F103RC.dir/Core/Src/stm32f1xx_it.c.obj
                0x080053b0                MemManage_Handler
 .text.BusFault_Handler
                0x080053b2        0x2 CMakeFiles/TEST_F103RC.dir/Core/Src/stm32f1xx_it.c.obj
                0x080053b2                BusFault_Handler
 .text.UsageFault_Handler
                0x080053b4        0x2 CMakeFiles/TEST_F103RC.dir/Core/Src/stm32f1xx_it.c.obj
                0x080053b4                UsageFault_Handler
 .text.SVC_Handler
                0x080053b6        0x2 CMakeFiles/TEST_F103RC.dir/Core/Src/stm32f1xx_it.c.obj
                0x080053b6                SVC_Handler
 .text.DebugMon_Handler
                0x080053b8        0x2 CMakeFiles/TEST_F103RC.dir/Core/Src/stm32f1xx_it.c.obj
                0x080053b8                DebugMon_Handler
 .text.PendSV_Handler
                0x080053ba        0x2 CMakeFiles/TEST_F103RC.dir/Core/Src/stm32f1xx_it.c.obj
                0x080053ba                PendSV_Handler
 .text.SysTick_Handler
                0x080053bc        0x4 CMakeFiles/TEST_F103RC.dir/Core/Src/stm32f1xx_it.c.obj
                0x080053bc                SysTick_Handler
 .text.USB_LP_CAN1_RX0_IRQHandler
                0x080053c0        0xc CMakeFiles/TEST_F103RC.dir/Core/Src/stm32f1xx_it.c.obj
                0x080053c0                USB_LP_CAN1_RX0_IRQHandler
 .text.DMA1_Channel4_IRQHandler
                0x080053cc        0xc CMakeFiles/TEST_F103RC.dir/Core/Src/stm32f1xx_it.c.obj
                0x080053cc                DMA1_Channel4_IRQHandler
 .text.USART1_IRQHandler
                0x080053d8        0xc CMakeFiles/TEST_F103RC.dir/Core/Src/stm32f1xx_it.c.obj
                0x080053d8                USART1_IRQHandler
 .text.TIM3_IRQHandler
                0x080053e4        0xc CMakeFiles/TEST_F103RC.dir/Core/Src/stm32f1xx_it.c.obj
                0x080053e4                TIM3_IRQHandler
 .text.TIM6_IRQHandler
                0x080053f0        0xc CMakeFiles/TEST_F103RC.dir/Core/Src/stm32f1xx_it.c.obj
                0x080053f0                TIM6_IRQHandler
 .text.TIM7_IRQHandler
                0x080053fc        0xc CMakeFiles/TEST_F103RC.dir/Core/Src/stm32f1xx_it.c.obj
                0x080053fc                TIM7_IRQHandler
 .text.TIM1_UP_IRQHandler
                0x08005408        0xc CMakeFiles/TEST_F103RC.dir/Core/Src/stm32f1xx_it.c.obj
                0x08005408                TIM1_UP_IRQHandler
 .text.TIM1_CC_IRQHandler
                0x08005414        0x4 CMakeFiles/TEST_F103RC.dir/Core/Src/stm32f1xx_it.c.obj
                0x08005414                TIM1_CC_IRQHandler
 .text.TIM8_UP_IRQHandler
                0x08005418        0xc CMakeFiles/TEST_F103RC.dir/Core/Src/stm32f1xx_it.c.obj
                0x08005418                TIM8_UP_IRQHandler
 .text.TIM8_CC_IRQHandler
                0x08005424        0x4 CMakeFiles/TEST_F103RC.dir/Core/Src/stm32f1xx_it.c.obj
                0x08005424                TIM8_CC_IRQHandler
 .text.TIM2_IRQHandler
                0x08005428        0xc CMakeFiles/TEST_F103RC.dir/Core/Src/stm32f1xx_it.c.obj
                0x08005428                TIM2_IRQHandler
 .text.TIM4_IRQHandler
                0x08005434        0xc CMakeFiles/TEST_F103RC.dir/Core/Src/stm32f1xx_it.c.obj
                0x08005434                TIM4_IRQHandler
 .text.TIM5_IRQHandler
                0x08005440        0xc CMakeFiles/TEST_F103RC.dir/Core/Src/stm32f1xx_it.c.obj
                0x08005440                TIM5_IRQHandler
 .text.EXTI0_IRQHandler
                0x0800544c        0x6 CMakeFiles/TEST_F103RC.dir/Core/Src/stm32f1xx_it.c.obj
                0x0800544c                EXTI0_IRQHandler
 .text.EXTI1_IRQHandler
                0x08005452        0x6 CMakeFiles/TEST_F103RC.dir/Core/Src/stm32f1xx_it.c.obj
                0x08005452                EXTI1_IRQHandler
 .text.EXTI2_IRQHandler
                0x08005458        0x6 CMakeFiles/TEST_F103RC.dir/Core/Src/stm32f1xx_it.c.obj
                0x08005458                EXTI2_IRQHandler
 .text.EXTI3_IRQHandler
                0x0800545e        0x6 CMakeFiles/TEST_F103RC.dir/Core/Src/stm32f1xx_it.c.obj
                0x0800545e                EXTI3_IRQHandler
 .text.EXTI4_IRQHandler
                0x08005464        0x6 CMakeFiles/TEST_F103RC.dir/Core/Src/stm32f1xx_it.c.obj
                0x08005464                EXTI4_IRQHandler
 .text.EXTI9_5_IRQHandler
                0x0800546a       0x20 CMakeFiles/TEST_F103RC.dir/Core/Src/stm32f1xx_it.c.obj
                0x0800546a                EXTI9_5_IRQHandler
 .text.EXTI15_10_IRQHandler
                0x0800548a       0x36 CMakeFiles/TEST_F103RC.dir/Core/Src/stm32f1xx_it.c.obj
                0x0800548a                EXTI15_10_IRQHandler
 .text.HAL_UART_MspInit
                0x080054c0       0xf4 CMakeFiles/TEST_F103RC.dir/Core/Src/stm32f1xx_hal_msp.c.obj
                0x080054c0                HAL_UART_MspInit
 .text.HAL_UART_MspDeInit
                0x080055b4       0x50 CMakeFiles/TEST_F103RC.dir/Core/Src/stm32f1xx_hal_msp.c.obj
                0x080055b4                HAL_UART_MspDeInit
 .text.Reset_Handler
                0x08005604       0x48 CMakeFiles/TEST_F103RC.dir/startup_stm32f103xe.s.obj
                0x08005604                Reset_Handler
 .text.Default_Handler
                0x0800564c        0x2 CMakeFiles/TEST_F103RC.dir/startup_stm32f103xe.s.obj
                0x0800564c                RTC_Alarm_IRQHandler
                0x0800564c                TIM8_TRG_COM_IRQHandler
                0x0800564c                PVD_IRQHandler
                0x0800564c                SDIO_IRQHandler
                0x0800564c                I2C2_EV_IRQHandler
                0x0800564c                ADC1_2_IRQHandler
                0x0800564c                SPI1_IRQHandler
                0x0800564c                TAMPER_IRQHandler
                0x0800564c                DMA2_Channel2_IRQHandler
                0x0800564c                USART3_IRQHandler
                0x0800564c                RTC_IRQHandler
                0x0800564c                DMA1_Channel7_IRQHandler
                0x0800564c                CAN1_RX1_IRQHandler
                0x0800564c                UART5_IRQHandler
                0x0800564c                ADC3_IRQHandler
                0x0800564c                DMA2_Channel1_IRQHandler
                0x0800564c                I2C1_EV_IRQHandler
                0x0800564c                DMA1_Channel6_IRQHandler
                0x0800564c                UART4_IRQHandler
                0x0800564c                RCC_IRQHandler
                0x0800564c                TIM1_TRG_COM_IRQHandler
                0x0800564c                DMA1_Channel1_IRQHandler
                0x0800564c                Default_Handler
                0x0800564c                SPI2_IRQHandler
                0x0800564c                DMA1_Channel5_IRQHandler
                0x0800564c                USB_HP_CAN1_TX_IRQHandler
                0x0800564c                DMA1_Channel3_IRQHandler
                0x0800564c                FSMC_IRQHandler
                0x0800564c                WWDG_IRQHandler
                0x0800564c                TIM1_BRK_IRQHandler
                0x0800564c                DMA2_Channel4_5_IRQHandler
                0x0800564c                USART2_IRQHandler
                0x0800564c                I2C2_ER_IRQHandler
                0x0800564c                DMA1_Channel2_IRQHandler
                0x0800564c                TIM8_BRK_IRQHandler
                0x0800564c                CAN1_SCE_IRQHandler
                0x0800564c                FLASH_IRQHandler
                0x0800564c                SPI3_IRQHandler
                0x0800564c                I2C1_ER_IRQHandler
                0x0800564c                USBWakeUp_IRQHandler
                0x0800564c                DMA2_Channel3_IRQHandler
 *fill*         0x0800564e        0x2 
 .text.CDC_Itf_Receive
                0x08005650       0x24 CMakeFiles/TEST_F103RC.dir/Core/Src/usbd_cdc_interface.c.obj
 .text.CDC_Itf_DeInit
                0x08005674       0x18 CMakeFiles/TEST_F103RC.dir/Core/Src/usbd_cdc_interface.c.obj
 .text.CDC_Itf_Control
                0x0800568c       0xc8 CMakeFiles/TEST_F103RC.dir/Core/Src/usbd_cdc_interface.c.obj
 .text.CDC_Itf_Init
                0x08005754       0x24 CMakeFiles/TEST_F103RC.dir/Core/Src/usbd_cdc_interface.c.obj
 .text.HAL_UART_RxCpltCallback
                0x08005778       0x48 CMakeFiles/TEST_F103RC.dir/Core/Src/usbd_cdc_interface.c.obj
                0x08005778                HAL_UART_RxCpltCallback
 .text.HAL_UART_ErrorCallback
                0x080057c0        0x4 CMakeFiles/TEST_F103RC.dir/Core/Src/usbd_cdc_interface.c.obj
                0x080057c0                HAL_UART_ErrorCallback
 .text.HAL_PCD_MspInit
                0x080057c4       0x88 CMakeFiles/TEST_F103RC.dir/Core/Src/usbd_conf.c.obj
                0x080057c4                HAL_PCD_MspInit
 .text.HAL_PCD_SetupStageCallback
                0x0800584c        0xc CMakeFiles/TEST_F103RC.dir/Core/Src/usbd_conf.c.obj
                0x0800584c                HAL_PCD_SetupStageCallback
 .text.HAL_PCD_DataOutStageCallback
                0x08005858       0x12 CMakeFiles/TEST_F103RC.dir/Core/Src/usbd_conf.c.obj
                0x08005858                HAL_PCD_DataOutStageCallback
 .text.HAL_PCD_DataInStageCallback
                0x0800586a       0x10 CMakeFiles/TEST_F103RC.dir/Core/Src/usbd_conf.c.obj
                0x0800586a                HAL_PCD_DataInStageCallback
 .text.HAL_PCD_SOFCallback
                0x0800587a        0x8 CMakeFiles/TEST_F103RC.dir/Core/Src/usbd_conf.c.obj
                0x0800587a                HAL_PCD_SOFCallback
 .text.HAL_PCD_ResetCallback
                0x08005882       0x1a CMakeFiles/TEST_F103RC.dir/Core/Src/usbd_conf.c.obj
                0x08005882                HAL_PCD_ResetCallback
 .text.HAL_PCD_SuspendCallback
                0x0800589c        0x8 CMakeFiles/TEST_F103RC.dir/Core/Src/usbd_conf.c.obj
                0x0800589c                HAL_PCD_SuspendCallback
 .text.HAL_PCD_ResumeCallback
                0x080058a4        0x8 CMakeFiles/TEST_F103RC.dir/Core/Src/usbd_conf.c.obj
                0x080058a4                HAL_PCD_ResumeCallback
 .text.USBD_LL_Init
                0x080058ac       0x7c CMakeFiles/TEST_F103RC.dir/Core/Src/usbd_conf.c.obj
                0x080058ac                USBD_LL_Init
 .text.USBD_LL_Start
                0x08005928        0xe CMakeFiles/TEST_F103RC.dir/Core/Src/usbd_conf.c.obj
                0x08005928                USBD_LL_Start
 .text.USBD_LL_OpenEP
                0x08005936       0x14 CMakeFiles/TEST_F103RC.dir/Core/Src/usbd_conf.c.obj
                0x08005936                USBD_LL_OpenEP
 .text.USBD_LL_CloseEP
                0x0800594a        0xe CMakeFiles/TEST_F103RC.dir/Core/Src/usbd_conf.c.obj
                0x0800594a                USBD_LL_CloseEP
 .text.USBD_LL_StallEP
                0x08005958        0xe CMakeFiles/TEST_F103RC.dir/Core/Src/usbd_conf.c.obj
                0x08005958                USBD_LL_StallEP
 .text.USBD_LL_ClearStallEP
                0x08005966        0xe CMakeFiles/TEST_F103RC.dir/Core/Src/usbd_conf.c.obj
                0x08005966                USBD_LL_ClearStallEP
 .text.USBD_LL_IsStallEP
                0x08005974       0x22 CMakeFiles/TEST_F103RC.dir/Core/Src/usbd_conf.c.obj
                0x08005974                USBD_LL_IsStallEP
 .text.USBD_LL_SetUSBAddress
                0x08005996        0xe CMakeFiles/TEST_F103RC.dir/Core/Src/usbd_conf.c.obj
                0x08005996                USBD_LL_SetUSBAddress
 .text.USBD_LL_Transmit
                0x080059a4        0xe CMakeFiles/TEST_F103RC.dir/Core/Src/usbd_conf.c.obj
                0x080059a4                USBD_LL_Transmit
 .text.USBD_LL_PrepareReceive
                0x080059b2        0xe CMakeFiles/TEST_F103RC.dir/Core/Src/usbd_conf.c.obj
                0x080059b2                USBD_LL_PrepareReceive
 .text.USBD_LL_GetRxDataSize
                0x080059c0        0x8 CMakeFiles/TEST_F103RC.dir/Core/Src/usbd_conf.c.obj
                0x080059c0                USBD_LL_GetRxDataSize
 .text.USBD_static_malloc
                0x080059c8        0x8 CMakeFiles/TEST_F103RC.dir/Core/Src/usbd_conf.c.obj
                0x080059c8                USBD_static_malloc
 .text.USBD_static_free
                0x080059d0        0x2 CMakeFiles/TEST_F103RC.dir/Core/Src/usbd_conf.c.obj
                0x080059d0                USBD_static_free
 *fill*         0x080059d2        0x2 
 .text.HAL_PCDEx_SetConnectionState
                0x080059d4       0x18 CMakeFiles/TEST_F103RC.dir/Core/Src/usbd_conf.c.obj
                0x080059d4                HAL_PCDEx_SetConnectionState
 .text.USBD_VCP_DeviceDescriptor
                0x080059ec        0xc CMakeFiles/TEST_F103RC.dir/Core/Src/usbd_desc.c.obj
                0x080059ec                USBD_VCP_DeviceDescriptor
 .text.USBD_VCP_LangIDStrDescriptor
                0x080059f8        0xc CMakeFiles/TEST_F103RC.dir/Core/Src/usbd_desc.c.obj
                0x080059f8                USBD_VCP_LangIDStrDescriptor
 .text.IntToUnicode
                0x08005a04       0x2a CMakeFiles/TEST_F103RC.dir/Core/Src/usbd_desc.c.obj
 *fill*         0x08005a2e        0x2 
 .text.USBD_VCP_SerialStrDescriptor
                0x08005a30       0x3c CMakeFiles/TEST_F103RC.dir/Core/Src/usbd_desc.c.obj
                0x08005a30                USBD_VCP_SerialStrDescriptor
 .text.USBD_VCP_ProductStrDescriptor
                0x08005a6c       0x18 CMakeFiles/TEST_F103RC.dir/Core/Src/usbd_desc.c.obj
                0x08005a6c                USBD_VCP_ProductStrDescriptor
 .text.USBD_VCP_ManufacturerStrDescriptor
                0x08005a84       0x18 CMakeFiles/TEST_F103RC.dir/Core/Src/usbd_desc.c.obj
                0x08005a84                USBD_VCP_ManufacturerStrDescriptor
 .text.USBD_VCP_ConfigStrDescriptor
                0x08005a9c       0x18 CMakeFiles/TEST_F103RC.dir/Core/Src/usbd_desc.c.obj
                0x08005a9c                USBD_VCP_ConfigStrDescriptor
 .text.USBD_VCP_InterfaceStrDescriptor
                0x08005ab4       0x18 CMakeFiles/TEST_F103RC.dir/Core/Src/usbd_desc.c.obj
                0x08005ab4                USBD_VCP_InterfaceStrDescriptor
 .text._ZN3etl8map_base11detach_nodeERPNS0_4NodeES3_.isra.0
                0x08005acc       0x20 CMakeFiles/TEST_F103RC.dir/App/Src/application.cpp.obj
 .text._ZN3etl8map_base12rotate_3nodeERPNS0_4NodeEhh.isra.0
                0x08005aec       0x5e CMakeFiles/TEST_F103RC.dir/App/Src/application.cpp.obj
 .text._ZN3etl8map_base12rotate_2nodeERPNS0_4NodeEh.isra.0
                0x08005b4a       0x24 CMakeFiles/TEST_F103RC.dir/App/Src/application.cpp.obj
 .text._ZN3etl8map_base12balance_nodeERPNS0_4NodeE.isra.0
                0x08005b6e       0x66 CMakeFiles/TEST_F103RC.dir/App/Src/application.cpp.obj
 .text._ZN3etl5ipool13allocate_itemEv
                0x08005bd4       0x40 CMakeFiles/TEST_F103RC.dir/App/Src/application.cpp.obj
                0x08005bd4                etl::ipool::allocate_item()
 .text._ZN3etl5ipool12release_itemEPc
                0x08005c14       0x10 CMakeFiles/TEST_F103RC.dir/App/Src/application.cpp.obj
                0x08005c14                etl::ipool::release_item(char*)
 .text._ZN3etl13ibasic_stringIcE7cleanupEv
                0x08005c24       0x1e CMakeFiles/TEST_F103RC.dir/App/Src/application.cpp.obj
                0x08005c24                etl::ibasic_string<char>::cleanup()
 .text._ZN3etl13ibasic_stringIcE5clearEv
                0x08005c42       0x18 CMakeFiles/TEST_F103RC.dir/App/Src/application.cpp.obj
                0x08005c42                etl::ibasic_string<char>::clear()
 .text._ZN3etl13ibasic_stringIcED2Ev
                0x08005c5a       0x12 CMakeFiles/TEST_F103RC.dir/App/Src/application.cpp.obj
                0x08005c5a                etl::ibasic_string<char>::~ibasic_string()
                0x08005c5a                etl::ibasic_string<char>::~ibasic_string()
 .text._ZN3etl6stringILj64EED2Ev
                0x08005c6c        0xc CMakeFiles/TEST_F103RC.dir/App/Src/application.cpp.obj
                0x08005c6c                etl::string<64u>::~string()
                0x08005c6c                etl::string<64u>::~string()
 .text._ZN3etl17queue_spsc_atomicINS_6stringILj64EEELj16ELj2EED2Ev
                0x08005c78       0x32 CMakeFiles/TEST_F103RC.dir/App/Src/application.cpp.obj
                0x08005c78                etl::queue_spsc_atomic<etl::string<64u>, 16u, 2u>::~queue_spsc_atomic()
                0x08005c78                etl::queue_spsc_atomic<etl::string<64u>, 16u, 2u>::~queue_spsc_atomic()
 .text._ZN3etl13ibasic_stringIcE11append_implIPKcEEvPcT_S6_bb
                0x08005caa       0x58 CMakeFiles/TEST_F103RC.dir/App/Src/application.cpp.obj
                0x08005caa                void etl::ibasic_string<char>::append_impl<char const*>(char*, char const*, char const*, bool, bool)
 .text._ZN3etl13ibasic_stringIcE6assignERKS1_.part.0
                0x08005d02       0x20 CMakeFiles/TEST_F103RC.dir/App/Src/application.cpp.obj
 .text._Z17push_with_timeoutIN3etl17queue_spsc_atomicINS0_6stringILj64EEELj16ELj2EEES3_EbRT_RKT0_m.isra.0
                0x08005d22       0x62 CMakeFiles/TEST_F103RC.dir/App/Src/application.cpp.obj
 .text._ZN3etl13ibasic_stringIcE6appendERKS1_.isra.0
                0x08005d84       0x24 CMakeFiles/TEST_F103RC.dir/App/Src/application.cpp.obj
 .text._Z7add_strIN3etl17queue_spsc_atomicINS0_6stringILj64EEELj16ELj2EEEEvRS3_RKS3_RT_
                0x08005da8       0x2e CMakeFiles/TEST_F103RC.dir/App/Src/application.cpp.obj
                0x08005da8                void add_str<etl::queue_spsc_atomic<etl::string<64u>, 16u, 2u> >(etl::string<64u>&, etl::string<64u> const&, etl::queue_spsc_atomic<etl::string<64u>, 16u, 2u>&)
 .text._ZN3etl13ibasic_stringIcE11append_implEPcPKcbb
                0x08005dd6       0x70 CMakeFiles/TEST_F103RC.dir/App/Src/application.cpp.obj
                0x08005dd6                etl::ibasic_string<char>::append_impl(char*, char const*, bool, bool)
 .text._ZN3etl6stringILj64EEC2EPKc
                0x08005e46       0x24 CMakeFiles/TEST_F103RC.dir/App/Src/application.cpp.obj
                0x08005e46                etl::string<64u>::string(char const*)
                0x08005e46                etl::string<64u>::string(char const*)
 *fill*         0x08005e6a        0x2 
 .text._Z16cmd_echo_handlerRN3etl6stringILj64EEE
                0x08005e6c       0x34 CMakeFiles/TEST_F103RC.dir/App/Src/application.cpp.obj
                0x08005e6c                cmd_echo_handler(etl::string<64u>&)
 .text._Z7add_strIN3etl17queue_spsc_atomicINS0_6stringILj64EEELj16ELj2EEEEvRS3_PKcRT_
                0x08005ea0       0x48 CMakeFiles/TEST_F103RC.dir/App/Src/application.cpp.obj
                0x08005ea0                void add_str<etl::queue_spsc_atomic<etl::string<64u>, 16u, 2u> >(etl::string<64u>&, char const*, etl::queue_spsc_atomic<etl::string<64u>, 16u, 2u>&)
 .text._Z16cmd_help_handlerRN3etl6stringILj64EEE
                0x08005ee8       0xd0 CMakeFiles/TEST_F103RC.dir/App/Src/application.cpp.obj
                0x08005ee8                cmd_help_handler(etl::string<64u>&)
 .text._ZN3etl4imapIPhPjNS_4lessIS1_EEE11insert_nodeERPNS_8map_base4NodeERNS5_9Data_NodeE
                0x08005fb8       0xa4 CMakeFiles/TEST_F103RC.dir/App/Src/application.cpp.obj
                0x08005fb8                etl::imap<unsigned char*, unsigned int*, etl::less<unsigned char*> >::insert_node(etl::map_base::Node*&, etl::imap<unsigned char*, unsigned int*, etl::less<unsigned char*> >::Data_Node&)
 .text._Z14CommandManagerPh
                0x0800605c      0x1a8 CMakeFiles/TEST_F103RC.dir/App/Src/application.cpp.obj
                0x0800605c                CommandManager(unsigned char*)
 .text._ZN3etl4imapI14Pin_configuredPKcNS_4lessIS1_EEE11insert_nodeERPNS_8map_base4NodeERNS6_9Data_NodeE
                0x08006204       0xa4 CMakeFiles/TEST_F103RC.dir/App/Src/application.cpp.obj
                0x08006204                etl::imap<Pin_configured, char const*, etl::less<Pin_configured> >::insert_node(etl::map_base::Node*&, etl::imap<Pin_configured, char const*, etl::less<Pin_configured> >::Data_Node&)
 .text._ZN3etl4imapIP11TIM_TypeDefPKcNS_4lessIS2_EEE11insert_nodeERPNS_8map_base4NodeERNS7_9Data_NodeE
                0x080062a8       0xa4 CMakeFiles/TEST_F103RC.dir/App/Src/application.cpp.obj
                0x080062a8                etl::imap<TIM_TypeDef*, char const*, etl::less<TIM_TypeDef*> >::insert_node(etl::map_base::Node*&, etl::imap<TIM_TypeDef*, char const*, etl::less<TIM_TypeDef*> >::Data_Node&)
 .text._ZN3etl4imapImPKcNS_4lessImEEE11insert_nodeERPNS_8map_base4NodeERNS5_9Data_NodeE
                0x0800634c       0xa4 CMakeFiles/TEST_F103RC.dir/App/Src/application.cpp.obj
                0x0800634c                etl::imap<unsigned long, char const*, etl::less<unsigned long> >::insert_node(etl::map_base::Node*&, etl::imap<unsigned long, char const*, etl::less<unsigned long> >::Data_Node&)
 .text._Z18cmd_pinout_handlerRN3etl6stringILj64EEE
                0x080063f0      0x1c0 CMakeFiles/TEST_F103RC.dir/App/Src/application.cpp.obj
                0x080063f0                cmd_pinout_handler(etl::string<64u>&)
 .text._ZN3etl4imapIPhPjNS_4lessIS1_EEE10initialiseEv
                0x080065b0      0x214 CMakeFiles/TEST_F103RC.dir/App/Src/application.cpp.obj
                0x080065b0                etl::imap<unsigned char*, unsigned int*, etl::less<unsigned char*> >::initialise()
 .text._ZN3etl3mapIPhPjLj2ENS_4lessIS1_EEED2Ev
                0x080067c4        0xc CMakeFiles/TEST_F103RC.dir/App/Src/application.cpp.obj
                0x080067c4                etl::map<unsigned char*, unsigned int*, 2u, etl::less<unsigned char*> >::~map()
                0x080067c4                etl::map<unsigned char*, unsigned int*, 2u, etl::less<unsigned char*> >::~map()
 .text.startup._GLOBAL__sub_I_UserTxBufPtrIn_local
                0x080067d0      0x1c4 CMakeFiles/TEST_F103RC.dir/App/Src/application.cpp.obj
 .text._ZN3etl18iqueue_spsc_atomicINS_6stringILj64EEELj2EE3popEv.isra.0
                0x08006994       0x50 CMakeFiles/TEST_F103RC.dir/App/Src/application_callbacks.cpp.obj
 .text.HAL_TIM_IC_CaptureCallback
                0x080069e4       0x4c CMakeFiles/TEST_F103RC.dir/App/Src/application_callbacks.cpp.obj
                0x080069e4                HAL_TIM_IC_CaptureCallback
 .text._ZNK3etl22queue_spsc_atomic_baseILj2EE5emptyEv
                0x08006a30       0x14 CMakeFiles/TEST_F103RC.dir/App/Src/application_callbacks.cpp.obj
                0x08006a30                etl::queue_spsc_atomic_base<2u>::empty() const
 .text.HAL_TIM_PeriodElapsedCallback
                0x08006a44      0x138 CMakeFiles/TEST_F103RC.dir/App/Src/application_callbacks.cpp.obj
                0x08006a44                HAL_TIM_PeriodElapsedCallback
 .text.HAL_UART_TxCpltCallback
                0x08006b7c       0x1c CMakeFiles/TEST_F103RC.dir/App/Src/application_callbacks.cpp.obj
                0x08006b7c                HAL_UART_TxCpltCallback
 .text.HAL_GPIO_EXTI_Callback
                0x08006b98       0x8c CMakeFiles/TEST_F103RC.dir/App/Src/application_callbacks.cpp.obj
                0x08006b98                HAL_GPIO_EXTI_Callback
 .text._ZN3etl6vectorI16pin_software_pwmLj50EED2Ev
                0x08006c24        0x2 CMakeFiles/TEST_F103RC.dir/App/Src/application_pwm.cpp.obj
                0x08006c24                etl::vector<pin_software_pwm, 50u>::~vector()
                0x08006c24                etl::vector<pin_software_pwm, 50u>::~vector()
 .text._ZN3etl6vectorI23Peripheral_capabilitiesLj20EED2Ev
                0x08006c26        0x2 CMakeFiles/TEST_F103RC.dir/App/Src/application_pwm.cpp.obj
                0x08006c26                etl::vector<Peripheral_capabilities, 20u>::~vector()
                0x08006c26                etl::vector<Peripheral_capabilities, 20u>::~vector()
 .text._ZN3etl13ibasic_stringIcE6insertEPKcjc.isra.0
                0x08006c28       0x92 CMakeFiles/TEST_F103RC.dir/App/Src/application_pwm.cpp.obj
 .text._ZN3etl17private_to_string13add_alignmentINS_13ibasic_stringIcEEEEvRT_NS4_8iteratorERKNS_17basic_format_specIS4_EE.isra.0
                0x08006cba       0x24 CMakeFiles/TEST_F103RC.dir/App/Src/application_pwm.cpp.obj
 .text._Z16GPIO_Init_SW_PWMRK8Pin_name
                0x08006cde       0x38 CMakeFiles/TEST_F103RC.dir/App/Src/application_pwm.cpp.obj
                0x08006cde                GPIO_Init_SW_PWM(Pin_name const&)
 *fill*         0x08006d16        0x2 
 .text._Z16registration_pinRK8Pin_namemm
                0x08006d18       0x84 CMakeFiles/TEST_F103RC.dir/App/Src/application_pwm.cpp.obj
                0x08006d18                registration_pin(Pin_name const&, unsigned long, unsigned long)
 .text._Z19config_software_pwmRK8Pin_namemm
                0x08006d9c       0x1c CMakeFiles/TEST_F103RC.dir/App/Src/application_pwm.cpp.obj
                0x08006d9c                config_software_pwm(Pin_name const&, unsigned long, unsigned long)
 .text._Z19config_hardware_pwmRK8Pin_nameRK23Peripheral_capabilitiesmm
                0x08006db8       0x98 CMakeFiles/TEST_F103RC.dir/App/Src/application_pwm.cpp.obj
                0x08006db8                config_hardware_pwm(Pin_name const&, Peripheral_capabilities const&, unsigned long, unsigned long)
 .text._ZNK3etl13ibasic_stringIcE4findEcj
                0x08006e50       0x26 CMakeFiles/TEST_F103RC.dir/App/Src/application_pwm.cpp.obj
                0x08006e50                etl::ibasic_string<char>::find(char, unsigned int) const
 .text._ZN3etleqIcEEbRKNS_13ibasic_stringIT_EEPKS2_
                0x08006e76       0x36 CMakeFiles/TEST_F103RC.dir/App/Src/application_pwm.cpp.obj
                0x08006e76                bool etl::operator==<char>(etl::ibasic_string<char> const&, char const*)
 .text._ZN3etl13ibasic_stringIcE6assignERKS1_jj
                0x08006eac       0x30 CMakeFiles/TEST_F103RC.dir/App/Src/application_pwm.cpp.obj
                0x08006eac                etl::ibasic_string<char>::assign(etl::ibasic_string<char> const&, unsigned int, unsigned int)
 .text._ZN3etl13ibasic_stringIcE6assignERKS1_
                0x08006edc       0x24 CMakeFiles/TEST_F103RC.dir/App/Src/application_pwm.cpp.obj
                0x08006edc                etl::ibasic_string<char>::assign(etl::ibasic_string<char> const&)
 .text._ZN3etl6stringILj64EEC2ERKNS_13ibasic_stringIcEE
                0x08006f00       0x1e CMakeFiles/TEST_F103RC.dir/App/Src/application_pwm.cpp.obj
                0x08006f00                etl::string<64u>::string(etl::ibasic_string<char> const&)
                0x08006f00                etl::string<64u>::string(etl::ibasic_string<char> const&)
 .text._Z17push_with_timeoutIN3etl17queue_spsc_atomicINS0_6stringILj64EEELj16ELj2EEES3_EbRT_RKT0_m.isra.0
                0x08006f1e       0x5e CMakeFiles/TEST_F103RC.dir/App/Src/application_pwm.cpp.obj
 .text._ZN3etl13ibasic_stringIcE6appendERKS1_.isra.0
                0x08006f7c       0x24 CMakeFiles/TEST_F103RC.dir/App/Src/application_pwm.cpp.obj
 .text._ZN3etl13ibasic_stringIcE6appendEPKc.isra.0
                0x08006fa0       0x58 CMakeFiles/TEST_F103RC.dir/App/Src/application_pwm.cpp.obj
 .text._Z15cmd_gen_handlerRN3etl6stringILj64EEE
                0x08006ff8      0x160 CMakeFiles/TEST_F103RC.dir/App/Src/application_pwm.cpp.obj
                0x08006ff8                cmd_gen_handler(etl::string<64u>&)
 .text._ZN3etl13ibasic_stringIcE9push_backEc
                0x08007158       0x26 CMakeFiles/TEST_F103RC.dir/App/Src/application_pwm.cpp.obj
                0x08007158                etl::ibasic_string<char>::push_back(char)
 .text._ZN3etl7reverseIPcEENS_9enable_ifIXsrNS_10is_pointerIT_EE5valueEvE4typeES4_S4_
                0x0800717e       0x1a CMakeFiles/TEST_F103RC.dir/App/Src/application_pwm.cpp.obj
                0x0800717e                etl::enable_if<etl::is_pointer<char*>::value, void>::type etl::reverse<char*>(char*, char*)
 .text._ZN3etl9to_stringImEENS_9enable_ifIXaantsrNS_7is_sameIT_NS_13ibasic_stringIcEEEE5valuentsrNS2_IS3_NS_17basic_string_viewIcNS_11char_traitsIcEEEEEE5valueERKS5_E4typeES3_RS5_b.isra.0
                0x08007198       0x62 CMakeFiles/TEST_F103RC.dir/App/Src/application_pwm.cpp.obj
 .text._ZN3etl17private_to_string12add_integralIlNS_13ibasic_stringIcEEEEvT_RT0_RKNS_17basic_format_specIS5_EEbb
                0x080071fa       0xda CMakeFiles/TEST_F103RC.dir/App/Src/application_pwm.cpp.obj
                0x080071fa                void etl::private_to_string::add_integral<long, etl::ibasic_string<char> >(long, etl::ibasic_string<char>&, etl::basic_format_spec<etl::ibasic_string<char> > const&, bool, bool)
 .text._Z22cmd_config_gen_handlerRN3etl6stringILj64EEE
                0x080072d4      0x504 CMakeFiles/TEST_F103RC.dir/App/Src/application_pwm.cpp.obj
                0x080072d4                cmd_config_gen_handler(etl::string<64u>&)
 .text.startup._GLOBAL__sub_I_registered_sw_pins
                0x080077d8       0x48 CMakeFiles/TEST_F103RC.dir/App/Src/application_pwm.cpp.obj
 .text._Z4noneRN3etl6vectorImLj200EEE
                0x08007820        0x6 CMakeFiles/TEST_F103RC.dir/App/Src/application_measure.cpp.obj
                0x08007820                none(etl::vector<unsigned long, 200u>&)
 .text._ZSt13__adjust_heapIPmimN9__gnu_cxx5__ops15_Iter_less_iterEEvT_T0_S5_T1_T2_.isra.0
                0x08007826       0x86 CMakeFiles/TEST_F103RC.dir/App/Src/application_measure.cpp.obj
 .text._Z3maxRN3etl6vectorImLj200EEE
                0x080078ac       0x24 CMakeFiles/TEST_F103RC.dir/App/Src/application_measure.cpp.obj
                0x080078ac                max(etl::vector<unsigned long, 200u>&)
 .text._Z3minRN3etl6vectorImLj200EEE
                0x080078d0       0x24 CMakeFiles/TEST_F103RC.dir/App/Src/application_measure.cpp.obj
                0x080078d0                min(etl::vector<unsigned long, 200u>&)
 .text._Z4meanRN3etl6vectorImLj200EEE
                0x080078f4       0x3e CMakeFiles/TEST_F103RC.dir/App/Src/application_measure.cpp.obj
                0x080078f4                mean(etl::vector<unsigned long, 200u>&)
 .text._ZN3etl8map_base11detach_nodeERPNS0_4NodeES3_.isra.0
                0x08007932       0x20 CMakeFiles/TEST_F103RC.dir/App/Src/application_measure.cpp.obj
 .text._ZN3etl8map_base12rotate_3nodeERPNS0_4NodeEhh.isra.0
                0x08007952       0x5e CMakeFiles/TEST_F103RC.dir/App/Src/application_measure.cpp.obj
 .text._ZN3etl8map_base12rotate_2nodeERPNS0_4NodeEh.isra.0
                0x080079b0       0x24 CMakeFiles/TEST_F103RC.dir/App/Src/application_measure.cpp.obj
 .text._ZN3etl8map_base12balance_nodeERPNS0_4NodeE.isra.0
                0x080079d4       0x66 CMakeFiles/TEST_F103RC.dir/App/Src/application_measure.cpp.obj
 .text._ZN3etl13ibasic_stringIcE6insertEPKcjc.isra.0
                0x08007a3a       0x92 CMakeFiles/TEST_F103RC.dir/App/Src/application_measure.cpp.obj
 .text._ZSt16__insertion_sortIPmN9__gnu_cxx5__ops15_Iter_less_iterEEvT_S4_T0_.isra.0
                0x08007acc       0x4c CMakeFiles/TEST_F103RC.dir/App/Src/application_measure.cpp.obj
 .text._ZSt16__introsort_loopIPmiN9__gnu_cxx5__ops15_Iter_less_iterEEvT_S4_T0_T1_.isra.0
                0x08007b18       0xc2 CMakeFiles/TEST_F103RC.dir/App/Src/application_measure.cpp.obj
 *fill*         0x08007bda        0x2 
 .text._Z6medianRN3etl6vectorImLj200EEE
                0x08007bdc       0xa4 CMakeFiles/TEST_F103RC.dir/App/Src/application_measure.cpp.obj
                0x08007bdc                median(etl::vector<unsigned long, 200u>&)
 .text._ZN3etl8map_base11attach_nodeERPNS0_4NodeERS1_
                0x08007c80       0x16 CMakeFiles/TEST_F103RC.dir/App/Src/application_measure.cpp.obj
                0x08007c80                etl::map_base::attach_node(etl::map_base::Node*&, etl::map_base::Node&)
 *fill*         0x08007c96        0x2 
 .text._Z24registration_measure_pinRK8Pin_name
                0x08007c98       0x10 CMakeFiles/TEST_F103RC.dir/App/Src/application_measure.cpp.obj
                0x08007c98                registration_measure_pin(Pin_name const&)
 .text._Z23config_hardware_measureRK8Pin_nameRK23Peripheral_capabilities
                0x08007ca8       0x30 CMakeFiles/TEST_F103RC.dir/App/Src/application_measure.cpp.obj
                0x08007ca8                config_hardware_measure(Pin_name const&, Peripheral_capabilities const&)
 .text._ZN3etl13ibasic_stringIcE10initialiseEv
                0x08007cd8       0x12 CMakeFiles/TEST_F103RC.dir/App/Src/application_measure.cpp.obj
                0x08007cd8                etl::ibasic_string<char>::initialise()
 .text._Z17push_with_timeoutIN3etl17queue_spsc_atomicINS0_6stringILj64EEELj16ELj2EEES3_EbRT_RKT0_m.isra.0
                0x08007cea       0x64 CMakeFiles/TEST_F103RC.dir/App/Src/application_measure.cpp.obj
 .text._ZN3etl13ibasic_stringIcE6appendERKS1_.isra.0
                0x08007d4e       0x24 CMakeFiles/TEST_F103RC.dir/App/Src/application_measure.cpp.obj
 .text._ZN22Registered_measure_pinD2Ev
                0x08007d72       0x10 CMakeFiles/TEST_F103RC.dir/App/Src/application_measure.cpp.obj
                0x08007d72                Registered_measure_pin::~Registered_measure_pin()
                0x08007d72                Registered_measure_pin::~Registered_measure_pin()
 .text._ZN3etl13ibasic_stringIcE6assignEPKc
                0x08007d82       0x14 CMakeFiles/TEST_F103RC.dir/App/Src/application_measure.cpp.obj
                0x08007d82                etl::ibasic_string<char>::assign(char const*)
 .text._ZN3etl13ibasic_stringIcE6appendEPKc.isra.0
                0x08007d96       0x16 CMakeFiles/TEST_F103RC.dir/App/Src/application_measure.cpp.obj
 .text._ZN3etl4imapIt9IRQn_TypeNS_4lessItEEE11insert_nodeERPNS_8map_base4NodeERNS4_9Data_NodeE
                0x08007dac       0x98 CMakeFiles/TEST_F103RC.dir/App/Src/application_measure.cpp.obj
                0x08007dac                etl::imap<unsigned short, IRQn_Type, etl::less<unsigned short> >::insert_node(etl::map_base::Node*&, etl::imap<unsigned short, IRQn_Type, etl::less<unsigned short> >::Data_Node&)
 .text._ZN3etl4imapIt9IRQn_TypeNS_4lessItEEEixERKt
                0x08007e44       0x38 CMakeFiles/TEST_F103RC.dir/App/Src/application_measure.cpp.obj
                0x08007e44                etl::imap<unsigned short, IRQn_Type, etl::less<unsigned short> >::operator[](unsigned short const&)
 .text._Z23config_software_measureRK8Pin_name
                0x08007e7c       0x54 CMakeFiles/TEST_F103RC.dir/App/Src/application_measure.cpp.obj
                0x08007e7c                config_software_measure(Pin_name const&)
 .text._Z26cmd_config_measure_handlerRN3etl6stringILj64EEE
                0x08007ed0      0x210 CMakeFiles/TEST_F103RC.dir/App/Src/application_measure.cpp.obj
                0x08007ed0                cmd_config_measure_handler(etl::string<64u>&)
 .text._ZN3etl4imapIP11TIM_TypeDef9IRQn_TypeNS_4lessIS2_EEE11insert_nodeERPNS_8map_base4NodeERNS6_9Data_NodeE
                0x080080e0       0x98 CMakeFiles/TEST_F103RC.dir/App/Src/application_measure.cpp.obj
                0x080080e0                etl::imap<TIM_TypeDef*, IRQn_Type, etl::less<TIM_TypeDef*> >::insert_node(etl::map_base::Node*&, etl::imap<TIM_TypeDef*, IRQn_Type, etl::less<TIM_TypeDef*> >::Data_Node&)
 .text._ZN3etl17private_to_string12add_integralImNS_13ibasic_stringIcEEEEvT_RT0_RKNS_17basic_format_specIS5_EEbb
                0x08008178      0x100 CMakeFiles/TEST_F103RC.dir/App/Src/application_measure.cpp.obj
                0x08008178                void etl::private_to_string::add_integral<unsigned long, etl::ibasic_string<char> >(unsigned long, etl::ibasic_string<char>&, etl::basic_format_spec<etl::ibasic_string<char> > const&, bool, bool)
 .text._ZN3etl9to_stringImEENS_9enable_ifIXaantsrNS_7is_sameIT_NS_13ibasic_stringIcEEEE5valuentsrNS2_IS3_NS_17basic_string_viewIcNS_11char_traitsIcEEEEEE5valueERKS5_E4typeES3_RS5_b.isra.0
                0x08008278       0x20 CMakeFiles/TEST_F103RC.dir/App/Src/application_measure.cpp.obj
 .text._Z16cmd_freq_handlerRN3etl6stringILj64EEE
                0x08008298      0x4b8 CMakeFiles/TEST_F103RC.dir/App/Src/application_measure.cpp.obj
                0x08008298                cmd_freq_handler(etl::string<64u>&)
 .text._ZN3etlltIcEEbRKNS_13ibasic_stringIT_EES5_
                0x08008750       0x3a CMakeFiles/TEST_F103RC.dir/App/Src/application_measure.cpp.obj
                0x08008750                bool etl::operator< <char>(etl::ibasic_string<char> const&, etl::ibasic_string<char> const&)
 .text._ZN3etl4imapINS_6stringILj10EEEPFmRNS_6vectorImLj200EEEENS_4lessIS2_EEE11insert_nodeERPNS_8map_base4NodeERNSA_9Data_NodeE
                0x0800878a       0xb0 CMakeFiles/TEST_F103RC.dir/App/Src/application_measure.cpp.obj
                0x0800878a                etl::imap<etl::string<10u>, unsigned long (*)(etl::vector<unsigned long, 200u>&), etl::less<etl::string<10u> > >::insert_node(etl::map_base::Node*&, etl::imap<etl::string<10u>, unsigned long (*)(etl::vector<unsigned long, 200u>&), etl::less<etl::string<10u> > >::Data_Node&)
 .text._ZN3etl4imapINS_6stringILj10EEEPFmRNS_6vectorImLj200EEEENS_4lessIS2_EEE10initialiseEv
                0x0800883a      0x29c CMakeFiles/TEST_F103RC.dir/App/Src/application_measure.cpp.obj
                0x0800883a                etl::imap<etl::string<10u>, unsigned long (*)(etl::vector<unsigned long, 200u>&), etl::less<etl::string<10u> > >::initialise()
 .text._ZN3etl3mapINS_6stringILj10EEEPFmRNS_6vectorImLj200EEEELj5ENS_4lessIS2_EEED2Ev
                0x08008ad6        0xc CMakeFiles/TEST_F103RC.dir/App/Src/application_measure.cpp.obj
                0x08008ad6                etl::map<etl::string<10u>, unsigned long (*)(etl::vector<unsigned long, 200u>&), 5u, etl::less<etl::string<10u> > >::~map()
                0x08008ad6                etl::map<etl::string<10u>, unsigned long (*)(etl::vector<unsigned long, 200u>&), 5u, etl::less<etl::string<10u> > >::~map()
 .text._ZN3etl4imapINS_6stringILj10EEEPFmRNS_6vectorImLj200EEEENS_4lessIS2_EEEixERKS2_
                0x08008ae2       0x6e CMakeFiles/TEST_F103RC.dir/App/Src/application_measure.cpp.obj
                0x08008ae2                etl::imap<etl::string<10u>, unsigned long (*)(etl::vector<unsigned long, 200u>&), etl::less<etl::string<10u> > >::operator[](etl::string<10u> const&)
 .text._Z26cmd_measure_params_handlerRN3etl6stringILj64EEE
                0x08008b50      0x214 CMakeFiles/TEST_F103RC.dir/App/Src/application_measure.cpp.obj
                0x08008b50                cmd_measure_params_handler(etl::string<64u>&)
 .text.startup._GLOBAL__sub_I_measure_pin
                0x08008d64      0x1c4 CMakeFiles/TEST_F103RC.dir/App/Src/application_measure.cpp.obj
 .text.__tcf_0  0x08008f28        0x2 CMakeFiles/TEST_F103RC.dir/App/Src/pins.cpp.obj
 .text._ZN3etl6vectorI23Peripheral_capabilitiesLj4EEC2ESt16initializer_listIS1_E
                0x08008f2a       0x3e CMakeFiles/TEST_F103RC.dir/App/Src/pins.cpp.obj
                0x08008f2a                etl::vector<Peripheral_capabilities, 4u>::vector(std::initializer_list<Peripheral_capabilities>)
                0x08008f2a                etl::vector<Peripheral_capabilities, 4u>::vector(std::initializer_list<Peripheral_capabilities>)
 .text.startup._GLOBAL__sub_I_ListPins
                0x08008f68      0x8e4 CMakeFiles/TEST_F103RC.dir/App/Src/pins.cpp.obj
 .text._ZN3etl8map_base11detach_nodeERPNS0_4NodeES3_.isra.0
                0x0800984c       0x20 CMakeFiles/TEST_F103RC.dir/App/Src/tables.cpp.obj
 .text._ZN3etl8map_base12rotate_3nodeERPNS0_4NodeEhh.isra.0
                0x0800986c       0x5e CMakeFiles/TEST_F103RC.dir/App/Src/tables.cpp.obj
 .text._ZN3etl8map_base12rotate_2nodeERPNS0_4NodeEh.isra.0
                0x080098ca       0x24 CMakeFiles/TEST_F103RC.dir/App/Src/tables.cpp.obj
 .text._ZN3etl4imapIP11TIM_TypeDef9IRQn_TypeNS_4lessIS2_EEE10initialiseEv
                0x080098ee      0x214 CMakeFiles/TEST_F103RC.dir/App/Src/tables.cpp.obj
                0x080098ee                etl::imap<TIM_TypeDef*, IRQn_Type, etl::less<TIM_TypeDef*> >::initialise()
 .text._ZN3etl3mapIP11TIM_TypeDef9IRQn_TypeLj16ENS_4lessIS2_EEED2Ev
                0x08009b02        0xc CMakeFiles/TEST_F103RC.dir/App/Src/tables.cpp.obj
                0x08009b02                etl::map<TIM_TypeDef*, IRQn_Type, 16u, etl::less<TIM_TypeDef*> >::~map()
                0x08009b02                etl::map<TIM_TypeDef*, IRQn_Type, 16u, etl::less<TIM_TypeDef*> >::~map()
 .text._ZN3etl4imapIt9IRQn_TypeNS_4lessItEEE10initialiseEv
                0x08009b0e      0x214 CMakeFiles/TEST_F103RC.dir/App/Src/tables.cpp.obj
                0x08009b0e                etl::imap<unsigned short, IRQn_Type, etl::less<unsigned short> >::initialise()
 .text._ZN3etl3mapIt9IRQn_TypeLj16ENS_4lessItEEED2Ev
                0x08009d22        0xc CMakeFiles/TEST_F103RC.dir/App/Src/tables.cpp.obj
                0x08009d22                etl::map<unsigned short, IRQn_Type, 16u, etl::less<unsigned short> >::~map()
                0x08009d22                etl::map<unsigned short, IRQn_Type, 16u, etl::less<unsigned short> >::~map()
 .text._ZN3etl4imapIP11TIM_TypeDefPKcNS_4lessIS2_EEE10initialiseEv
                0x08009d2e      0x214 CMakeFiles/TEST_F103RC.dir/App/Src/tables.cpp.obj
                0x08009d2e                etl::imap<TIM_TypeDef*, char const*, etl::less<TIM_TypeDef*> >::initialise()
 .text._ZN3etl3mapIP11TIM_TypeDefPKcLj12ENS_4lessIS2_EEED2Ev
                0x08009f42        0xc CMakeFiles/TEST_F103RC.dir/App/Src/tables.cpp.obj
                0x08009f42                etl::map<TIM_TypeDef*, char const*, 12u, etl::less<TIM_TypeDef*> >::~map()
                0x08009f42                etl::map<TIM_TypeDef*, char const*, 12u, etl::less<TIM_TypeDef*> >::~map()
 .text._ZN3etl4imapIP11TIM_TypeDefP17TIM_HandleTypeDefNS_4lessIS2_EEE10initialiseEv
                0x08009f4e      0x214 CMakeFiles/TEST_F103RC.dir/App/Src/tables.cpp.obj
                0x08009f4e                etl::imap<TIM_TypeDef*, TIM_HandleTypeDef*, etl::less<TIM_TypeDef*> >::initialise()
 .text._ZN3etl3mapIP11TIM_TypeDefP17TIM_HandleTypeDefLj12ENS_4lessIS2_EEED2Ev
                0x0800a162        0xc CMakeFiles/TEST_F103RC.dir/App/Src/tables.cpp.obj
                0x0800a162                etl::map<TIM_TypeDef*, TIM_HandleTypeDef*, 12u, etl::less<TIM_TypeDef*> >::~map()
                0x0800a162                etl::map<TIM_TypeDef*, TIM_HandleTypeDef*, 12u, etl::less<TIM_TypeDef*> >::~map()
 .text._ZN3etl4imapImPKcNS_4lessImEEE10initialiseEv
                0x0800a16e      0x214 CMakeFiles/TEST_F103RC.dir/App/Src/tables.cpp.obj
                0x0800a16e                etl::imap<unsigned long, char const*, etl::less<unsigned long> >::initialise()
 .text._ZN3etl3mapImPKcLj4ENS_4lessImEEED2Ev
                0x0800a382        0xc CMakeFiles/TEST_F103RC.dir/App/Src/tables.cpp.obj
                0x0800a382                etl::map<unsigned long, char const*, 4u, etl::less<unsigned long> >::~map()
                0x0800a382                etl::map<unsigned long, char const*, 4u, etl::less<unsigned long> >::~map()
 .text._ZN3etl4imapI14Pin_configuredPKcNS_4lessIS1_EEE10initialiseEv
                0x0800a38e      0x214 CMakeFiles/TEST_F103RC.dir/App/Src/tables.cpp.obj
                0x0800a38e                etl::imap<Pin_configured, char const*, etl::less<Pin_configured> >::initialise()
 .text._ZN3etl3mapI14Pin_configuredPKcLj16ENS_4lessIS1_EEED2Ev
                0x0800a5a2        0xc CMakeFiles/TEST_F103RC.dir/App/Src/tables.cpp.obj
                0x0800a5a2                etl::map<Pin_configured, char const*, 16u, etl::less<Pin_configured> >::~map()
                0x0800a5a2                etl::map<Pin_configured, char const*, 16u, etl::less<Pin_configured> >::~map()
 *fill*         0x0800a5ae        0x2 
 .text.startup._GLOBAL__sub_I_tim_cc_irq_table
                0x0800a5b0      0x384 CMakeFiles/TEST_F103RC.dir/App/Src/tables.cpp.obj
 .text._Z16get_freq_clk_timRK23Peripheral_capabilities
                0x0800a934        0x8 CMakeFiles/TEST_F103RC.dir/App/Src/tim.cpp.obj
                0x0800a934                get_freq_clk_tim(Peripheral_capabilities const&)
 .text._Z8tim_pickmmhd
                0x0800a93c      0x190 CMakeFiles/TEST_F103RC.dir/App/Src/tim.cpp.obj
                0x0800a93c                tim_pick(unsigned long, unsigned long, unsigned char, double)
 .text._Z16TIM_Base_MspInitP17TIM_HandleTypeDef
                0x0800aacc      0x108 CMakeFiles/TEST_F103RC.dir/App/Src/tim.cpp.obj
                0x0800aacc                TIM_Base_MspInit(TIM_HandleTypeDef*)
 .text._Z14config_tim_pwmRK8Pin_nameRK23Peripheral_capabilitiesR9tim_cfg_t
                0x0800abd4       0xe4 CMakeFiles/TEST_F103RC.dir/App/Src/tim.cpp.obj
                0x0800abd4                config_tim_pwm(Pin_name const&, Peripheral_capabilities const&, tim_cfg_t&)
 .text._Z18config_tim_measureRK8Pin_nameRK23Peripheral_capabilitiesmm
                0x0800acb8      0x124 CMakeFiles/TEST_F103RC.dir/App/Src/tim.cpp.obj
                0x0800acb8                config_tim_measure(Pin_name const&, Peripheral_capabilities const&, unsigned long, unsigned long)
 .text.dwtInit  0x0800addc       0x34 CMakeFiles/TEST_F103RC.dir/dwt/dwt.cpp.obj
                0x0800addc                dwtInit
 .text.__aeabi_atexit
                0x0800ae10        0xa C:/ST/STM32CubeCLT_1.18.0/GNU-tools-for-STM32/bin/../lib/gcc/arm-none-eabi/14.3.1/../../../../arm-none-eabi/lib/thumb/v7-m/nofp\libstdc++_nano.a(atexit_arm.o)
                0x0800ae10                __aeabi_atexit
 .text.atoi     0x0800ae1a        0x8 C:/ST/STM32CubeCLT_1.18.0/GNU-tools-for-STM32/bin/../lib/gcc/arm-none-eabi/14.3.1/../../../../arm-none-eabi/lib/thumb/v7-m/nofp\libc_nano.a(libc_a-atoi.o)
                0x0800ae1a                atoi
 *fill*         0x0800ae22        0x2 
 .text._strtol_l.isra.0